Archive member included to satisfy reference by file (symbol)

c:/st/stm32cubeide_1.12.0/stm32cubeide/plugins/com.st.stm32cube.ide.mcu.externaltools.gnu-tools-for-stm32.10.3-2021.10.win32_1.0.200.202301161003/tools/bin/../lib/gcc/arm-none-eabi/10.3.1/../../../../arm-none-eabi/lib/thumb/v7e-m+fp/hard\libc_nano.a(lib_a-errno.o)
                              ./Core/Src/syscalls.o (__errno)
c:/st/stm32cubeide_1.12.0/stm32cubeide/plugins/com.st.stm32cube.ide.mcu.externaltools.gnu-tools-for-stm32.10.3-2021.10.win32_1.0.200.202301161003/tools/bin/../lib/gcc/arm-none-eabi/10.3.1/../../../../arm-none-eabi/lib/thumb/v7e-m+fp/hard\libc_nano.a(lib_a-exit.o)
                              c:/st/stm32cubeide_1.12.0/stm32cubeide/plugins/com.st.stm32cube.ide.mcu.externaltools.gnu-tools-for-stm32.10.3-2021.10.win32_1.0.200.202301161003/tools/bin/../lib/gcc/arm-none-eabi/10.3.1/../../../../arm-none-eabi/lib/thumb/v7e-m+fp/hard/crt0.o (exit)
c:/st/stm32cubeide_1.12.0/stm32cubeide/plugins/com.st.stm32cube.ide.mcu.externaltools.gnu-tools-for-stm32.10.3-2021.10.win32_1.0.200.202301161003/tools/bin/../lib/gcc/arm-none-eabi/10.3.1/../../../../arm-none-eabi/lib/thumb/v7e-m+fp/hard\libc_nano.a(lib_a-impure.o)
                              c:/st/stm32cubeide_1.12.0/stm32cubeide/plugins/com.st.stm32cube.ide.mcu.externaltools.gnu-tools-for-stm32.10.3-2021.10.win32_1.0.200.202301161003/tools/bin/../lib/gcc/arm-none-eabi/10.3.1/../../../../arm-none-eabi/lib/thumb/v7e-m+fp/hard\libc_nano.a(lib_a-exit.o) (_global_impure_ptr)
c:/st/stm32cubeide_1.12.0/stm32cubeide/plugins/com.st.stm32cube.ide.mcu.externaltools.gnu-tools-for-stm32.10.3-2021.10.win32_1.0.200.202301161003/tools/bin/../lib/gcc/arm-none-eabi/10.3.1/../../../../arm-none-eabi/lib/thumb/v7e-m+fp/hard\libc_nano.a(lib_a-init.o)
                              c:/st/stm32cubeide_1.12.0/stm32cubeide/plugins/com.st.stm32cube.ide.mcu.externaltools.gnu-tools-for-stm32.10.3-2021.10.win32_1.0.200.202301161003/tools/bin/../lib/gcc/arm-none-eabi/10.3.1/../../../../arm-none-eabi/lib/thumb/v7e-m+fp/hard/crt0.o (__libc_init_array)
c:/st/stm32cubeide_1.12.0/stm32cubeide/plugins/com.st.stm32cube.ide.mcu.externaltools.gnu-tools-for-stm32.10.3-2021.10.win32_1.0.200.202301161003/tools/bin/../lib/gcc/arm-none-eabi/10.3.1/../../../../arm-none-eabi/lib/thumb/v7e-m+fp/hard\libc_nano.a(lib_a-memcmp.o)
                              ./common/ThirdParty/SEGGER/OS/SEGGER_SYSVIEW_FreeRTOS.o (memcmp)
c:/st/stm32cubeide_1.12.0/stm32cubeide/plugins/com.st.stm32cube.ide.mcu.externaltools.gnu-tools-for-stm32.10.3-2021.10.win32_1.0.200.202301161003/tools/bin/../lib/gcc/arm-none-eabi/10.3.1/../../../../arm-none-eabi/lib/thumb/v7e-m+fp/hard\libc_nano.a(lib_a-memcpy-stub.o)
                              ./common/ThirdParty/FreeRTOS/queue.o (memcpy)
c:/st/stm32cubeide_1.12.0/stm32cubeide/plugins/com.st.stm32cube.ide.mcu.externaltools.gnu-tools-for-stm32.10.3-2021.10.win32_1.0.200.202301161003/tools/bin/../lib/gcc/arm-none-eabi/10.3.1/../../../../arm-none-eabi/lib/thumb/v7e-m+fp/hard\libc_nano.a(lib_a-memset.o)
                              c:/st/stm32cubeide_1.12.0/stm32cubeide/plugins/com.st.stm32cube.ide.mcu.externaltools.gnu-tools-for-stm32.10.3-2021.10.win32_1.0.200.202301161003/tools/bin/../lib/gcc/arm-none-eabi/10.3.1/../../../../arm-none-eabi/lib/thumb/v7e-m+fp/hard/crt0.o (memset)
c:/st/stm32cubeide_1.12.0/stm32cubeide/plugins/com.st.stm32cube.ide.mcu.externaltools.gnu-tools-for-stm32.10.3-2021.10.win32_1.0.200.202301161003/tools/bin/../lib/gcc/arm-none-eabi/10.3.1/../../../../arm-none-eabi/lib/thumb/v7e-m+fp/hard\libc_nano.a(lib_a-strlen.o)
                              ./common/ThirdParty/SEGGER/SEGGER/SEGGER_RTT.o (strlen)
c:/st/stm32cubeide_1.12.0/stm32cubeide/plugins/com.st.stm32cube.ide.mcu.externaltools.gnu-tools-for-stm32.10.3-2021.10.win32_1.0.200.202301161003/tools/bin/../lib/gcc/arm-none-eabi/10.3.1/thumb/v7e-m+fp/hard\libgcc.a(_aeabi_uldivmod.o)
                              ./Drivers/STM32F4xx_HAL_Driver/Src/stm32f4xx_hal_rcc.o (__aeabi_uldivmod)
c:/st/stm32cubeide_1.12.0/stm32cubeide/plugins/com.st.stm32cube.ide.mcu.externaltools.gnu-tools-for-stm32.10.3-2021.10.win32_1.0.200.202301161003/tools/bin/../lib/gcc/arm-none-eabi/10.3.1/thumb/v7e-m+fp/hard\libgcc.a(_udivmoddi4.o)
                              c:/st/stm32cubeide_1.12.0/stm32cubeide/plugins/com.st.stm32cube.ide.mcu.externaltools.gnu-tools-for-stm32.10.3-2021.10.win32_1.0.200.202301161003/tools/bin/../lib/gcc/arm-none-eabi/10.3.1/thumb/v7e-m+fp/hard\libgcc.a(_aeabi_uldivmod.o) (__udivmoddi4)
c:/st/stm32cubeide_1.12.0/stm32cubeide/plugins/com.st.stm32cube.ide.mcu.externaltools.gnu-tools-for-stm32.10.3-2021.10.win32_1.0.200.202301161003/tools/bin/../lib/gcc/arm-none-eabi/10.3.1/thumb/v7e-m+fp/hard\libgcc.a(_dvmd_tls.o)
[...]
Memory Configuration

Name             Origin             Length             Attributes
CCMRAM           0x0000000010000000 0x0000000000010000 xrw
RAM              0x0000000020000000 0x0000000000020000 xrw
FLASH            0x0000000008000000 0x0000000000100000 xr
*default*        0x0000000000000000 0xffffffffffffffff

Linker script and memory map

LOAD c:/st/stm32cubeide_1.12.0/stm32cubeide/plugins/com.st.stm32cube.ide.mcu.externaltools.gnu-tools-for-stm32.10.3-2021.10.win32_1.0.200.202301161003/tools/bin/../lib/gcc/arm-none-eabi/10.3.1/thumb/v7e-m+fp/hard/crti.o
LOAD c:/st/stm32cubeide_1.12.0/stm32cubeide/plugins/com.st.stm32cube.ide.mcu.externaltools.gnu-tools-for-stm32.10.3-2021.10.win32_1.0.200.202301161003/tools/bin/../lib/gcc/arm-none-eabi/10.3.1/thumb/v7e-m+fp/hard/crtbegin.o
LOAD c:/st/stm32cubeide_1.12.0/stm32cubeide/plugins/com.st.stm32cube.ide.mcu.externaltools.gnu-tools-for-stm32.10.3-2021.10.win32_1.0.200.202301161003/tools/bin/../lib/gcc/arm-none-eabi/10.3.1/../../../../arm-none-eabi/lib/thumb/v7e-m+fp/hard/crt0.o
LOAD ./Core/Src/main.o
LOAD ./Core/Src/stm32f4xx_hal_msp.o
LOAD ./Core/Src/stm32f4xx_hal_timebase_tim.o
LOAD ./Core/Src/stm32f4xx_it.o
LOAD ./Core/Src/syscalls.o
LOAD ./Core/Src/sysmem.o
LOAD ./Core/Src/system_stm32f4xx.o
LOAD ./Core/Startup/startup_stm32f407vgtx.o
LOAD ./Drivers/STM32F4xx_HAL_Driver/Src/stm32f4xx_hal.o
LOAD ./Drivers/STM32F4xx_HAL_Driver/Src/stm32f4xx_hal_cortex.o
LOAD ./Drivers/STM32F4xx_HAL_Driver/Src/stm32f4xx_hal_dma.o
LOAD ./Drivers/STM32F4xx_HAL_Driver/Src/stm32f4xx_hal_dma_ex.o
LOAD ./Drivers/STM32F4xx_HAL_Driver/Src/stm32f4xx_hal_exti.o
LOAD ./Drivers/STM32F4xx_HAL_Driver/Src/stm32f4xx_hal_flash.o
LOAD ./Drivers/STM32F4xx_HAL_Driver/Src/stm32f4xx_hal_flash_ex.o
LOAD ./Drivers/STM32F4xx_HAL_Driver/Src/stm32f4xx_hal_flash_ramfunc.o
LOAD ./Drivers/STM32F4xx_HAL_Driver/Src/stm32f4xx_hal_gpio.o
LOAD ./Drivers/STM32F4xx_HAL_Driver/Src/stm32f4xx_hal_pwr.o
LOAD ./Drivers/STM32F4xx_HAL_Driver/Src/stm32f4xx_hal_pwr_ex.o
LOAD ./Drivers/STM32F4xx_HAL_Driver/Src/stm32f4xx_hal_rcc.o
LOAD ./Drivers/STM32F4xx_HAL_Driver/Src/stm32f4xx_hal_rcc_ex.o
LOAD ./Drivers/STM32F4xx_HAL_Driver/Src/stm32f4xx_hal_tim.o
LOAD ./Drivers/STM32F4xx_HAL_Driver/Src/stm32f4xx_hal_tim_ex.o
LOAD ./common/ThirdParty/FreeRTOS/croutine.o
LOAD ./common/ThirdParty/FreeRTOS/event_groups.o
LOAD ./common/ThirdParty/FreeRTOS/list.o
LOAD ./common/ThirdParty/FreeRTOS/queue.o
LOAD ./common/ThirdParty/FreeRTOS/stream_buffer.o
LOAD ./common/ThirdParty/FreeRTOS/tasks.o
LOAD ./common/ThirdParty/FreeRTOS/timers.o
LOAD ./common/ThirdParty/FreeRTOS/portable/GCC/ARM_CM4F/port.o
LOAD ./common/ThirdParty/FreeRTOS/portable/MemMang/heap_4.o
LOAD ./common/ThirdParty/SEGGER/Config/SEGGER_SYSVIEW_Config_FreeRTOS.o
LOAD ./common/ThirdParty/SEGGER/OS/SEGGER_SYSVIEW_FreeRTOS.o
LOAD ./common/ThirdParty/SEGGER/SEGGER/SEGGER_RTT.o
LOAD ./common/ThirdParty/SEGGER/SEGGER/SEGGER_RTT_ASM_ARMv7M.o
LOAD ./common/ThirdParty/SEGGER/SEGGER/SEGGER_RTT_printf.o
LOAD ./common/ThirdParty/SEGGER/SEGGER/SEGGER_SYSVIEW.o
LOAD ./common/ThirdParty/SEGGER/SEGGER/Syscalls/SEGGER_RTT_Syscalls_GCC.o
LOAD ./common/ThirdParty/SEGGER/rec/segger_uart.o
START GROUP
LOAD c:/st/stm32cubeide_1.12.0/stm32cubeide/plugins/com.st.stm32cube.ide.mcu.externaltools.gnu-tools-for-stm32.10.3-2021.10.win32_1.0.200.202301161003/tools/bin/../lib/gcc/arm-none-eabi/10.3.1/../../../../arm-none-eabi/lib/thumb/v7e-m+fp/hard\libc_nano.a
LOAD c:/st/stm32cubeide_1.12.0/stm32cubeide/plugins/com.st.stm32cube.ide.mcu.externaltools.gnu-tools-for-stm32.10.3-2021.10.win32_1.0.200.202301161003/tools/bin/../lib/gcc/arm-none-eabi/10.3.1/../../../../arm-none-eabi/lib/thumb/v7e-m+fp/hard\libm.a
END GROUP
START GROUP
LOAD c:/st/stm32cubeide_1.12.0/stm32cubeide/plugins/com.st.stm32cube.ide.mcu.externaltools.gnu-tools-for-stm32.10.3-2021.10.win32_1.0.200.202301161003/tools/bin/../lib/gcc/arm-none-eabi/10.3.1/thumb/v7e-m+fp/hard\libgcc.a
LOAD c:/st/stm32cubeide_1.12.0/stm32cubeide/plugins/com.st.stm32cube.ide.mcu.externaltools.gnu-tools-for-stm32.10.3-2021.10.win32_1.0.200.202301161003/tools/bin/../lib/gcc/arm-none-eabi/10.3.1/../../../../arm-none-eabi/lib/thumb/v7e-m+fp/hard\libc_nano.a
END GROUP
START GROUP
LOAD c:/st/stm32cubeide_1.12.0/stm32cubeide/plugins/com.st.stm32cube.ide.mcu.externaltools.gnu-tools-for-stm32.10.3-2021.10.win32_1.0.200.202301161003/tools/bin/../lib/gcc/arm-none-eabi/10.3.1/thumb/v7e-m+fp/hard\libgcc.a
LOAD c:/st/stm32cubeide_1.12.0/stm32cubeide/plugins/com.st.stm32cube.ide.mcu.externaltools.gnu-tools-for-stm32.10.3-2021.10.win32_1.0.200.202301161003/tools/bin/../lib/gcc/arm-none-eabi/10.3.1/../../../../arm-none-eabi/lib/thumb/v7e-m+fp/hard\libc_nano.a
LOAD c:/st/stm32cubeide_1.12.0/stm32cubeide/plugins/com.st.stm32cube.ide.mcu.externaltools.gnu-tools-for-stm32.10.3-2021.10.win32_1.0.200.202301161003/tools/bin/../lib/gcc/arm-none-eabi/10.3.1/../../../../arm-none-eabi/lib/thumb/v7e-m+fp/hard\libnosys.a
END GROUP
START GROUP
LOAD c:/st/stm32cubeide_1.12.0/stm32cubeide/plugins/com.st.stm32cube.ide.mcu.externaltools.gnu-tools-for-stm32.10.3-2021.10.win32_1.0.200.202301161003/tools/bin/../lib/gcc/arm-none-eabi/10.3.1/thumb/v7e-m+fp/hard\libgcc.a
LOAD c:/st/stm32cubeide_1.12.0/stm32cubeide/plugins/com.st.stm32cube.ide.mcu.externaltools.gnu-tools-for-stm32.10.3-2021.10.win32_1.0.200.202301161003/tools/bin/../lib/gcc/arm-none-eabi/10.3.1/../../../../arm-none-eabi/lib/thumb/v7e-m+fp/hard\libc_nano.a
LOAD c:/st/stm32cubeide_1.12.0/stm32cubeide/plugins/com.st.stm32cube.ide.mcu.externaltools.gnu-tools-for-stm32.10.3-2021.10.win32_1.0.200.202301161003/tools/bin/../lib/gcc/arm-none-eabi/10.3.1/../../../../arm-none-eabi/lib/thumb/v7e-m+fp/hard\libnosys.a
END GROUP
LOAD c:/st/stm32cubeide_1.12.0/stm32cubeide/plugins/com.st.stm32cube.ide.mcu.externaltools.gnu-tools-for-stm32.10.3-2021.10.win32_1.0.200.202301161003/tools/bin/../lib/gcc/arm-none-eabi/10.3.1/thumb/v7e-m+fp/hard/crtend.o
LOAD c:/st/stm32cubeide_1.12.0/stm32cubeide/plugins/com.st.stm32cube.ide.mcu.externaltools.gnu-tools-for-stm32.10.3-2021.10.win32_1.0.200.202301161003/tools/bin/../lib/gcc/arm-none-eabi/10.3.1/thumb/v7e-m+fp/hard/crtn.o
                0x0000000020020000                _estack = (ORIGIN (RAM) + LENGTH (RAM))
                0x0000000000000200                _Min_Heap_Size = 0x200
                0x0000000000000400                _Min_Stack_Size = 0x400

.isr_vector     0x0000000008000000      0x188
                0x0000000008000000                . = ALIGN (0x4)
 *(.isr_vector)
 .isr_vector    0x0000000008000000      0x188 ./Core/Startup/startup_stm32f407vgtx.o
                0x0000000008000000                g_pfnVectors
                0x0000000008000188                . = ALIGN (0x4)

.text           0x0000000008000190     0x7398
                0x0000000008000190                . = ALIGN (0x4)
 *(.text)
 .text          0x0000000008000190       0x40 c:/st/stm32cubeide_1.12.0/stm32cubeide/plugins/com.st.stm32cube.ide.mcu.externaltools.gnu-tools-for-stm32.10.3-2021.10.win32_1.0.200.202301161003/tools/bin/../lib/gcc/arm-none-eabi/10.3.1/thumb/v7e-m+fp/hard/crtbegin.o
 .text          0x00000000080001d0       0x94 ./common/ThirdParty/SEGGER/SEGGER/SEGGER_RTT_ASM_ARMv7M.o
                0x00000000080001d0                SEGGER_RTT_ASM_WriteSkipNoLock
 .text          0x0000000008000264       0x30 c:/st/stm32cubeide_1.12.0/stm32cubeide/plugins/com.st.stm32cube.ide.mcu.externaltools.gnu-tools-for-stm32.10.3-2021.10.win32_1.0.200.202301161003/tools/bin/../lib/gcc/arm-none-eabi/10.3.1/thumb/v7e-m+fp/hard\libgcc.a(_aeabi_uldivmod.o)
                0x0000000008000264                __aeabi_uldivmod
 .text          0x0000000008000294      0x2d0 c:/st/stm32cubeide_1.12.0/stm32cubeide/plugins/com.st.stm32cube.ide.mcu.externaltools.gnu-tools-for-stm32.10.3-2021.10.win32_1.0.200.202301161003/tools/bin/../lib/gcc/arm-none-eabi/10.3.1/thumb/v7e-m+fp/hard\libgcc.a(_udivmoddi4.o)
                0x0000000008000294                __udivmoddi4
 .text          0x0000000008000564        0x4 c:/st/stm32cubeide_1.12.0/stm32cubeide/plugins/com.st.stm32cube.ide.mcu.externaltools.gnu-tools-for-stm32.10.3-2021.10.win32_1.0.200.202301161003/tools/bin/../lib/gcc/arm-none-eabi/10.3.1/thumb/v7e-m+fp/hard\libgcc.a(_dvmd_tls.o)
                0x0000000008000564                __aeabi_idiv0
                0x0000000008000564                __aeabi_ldiv0
 *(.text*)
 .text.main     0x0000000008000568       0xe8 ./Core/Src/main.o
                0x0000000008000568                main
 .text.SystemClock_Config
                0x0000000008000650       0xd4 ./Core/Src/main.o
                0x0000000008000650                SystemClock_Config
 .text.MX_GPIO_Init
                0x0000000008000724      0x2bc ./Core/Src/main.o
 .text.led_green_handler
                0x00000000080009e0       0x2c ./Core/Src/main.o
 .text.led_orange_handler
                0x0000000008000a0c       0x2c ./Core/Src/main.o
 .text.led_red_handler
                0x0000000008000a38       0x2c ./Core/Src/main.o
 .text.HAL_TIM_PeriodElapsedCallback
                0x0000000008000a64       0x24 ./Core/Src/main.o
                0x0000000008000a64                HAL_TIM_PeriodElapsedCallback
 .text.Error_Handler
                0x0000000008000a88        0xe ./Core/Src/main.o
                0x0000000008000a88                Error_Handler
 *fill*         0x0000000008000a96        0x2 
 .text.HAL_MspInit
                0x0000000008000a98       0x50 ./Core/Src/stm32f4xx_hal_msp.o
                0x0000000008000a98                HAL_MspInit
 .text.HAL_InitTick
                0x0000000008000ae8       0xf8 ./Core/Src/stm32f4xx_hal_timebase_tim.o
                0x0000000008000ae8                HAL_InitTick
 .text.NMI_Handler
                0x0000000008000be0        0x6 ./Core/Src/stm32f4xx_it.o
                0x0000000008000be0                NMI_Handler
 .text.HardFault_Handler
                0x0000000008000be6        0x6 ./Core/Src/stm32f4xx_it.o
                0x0000000008000be6                HardFault_Handler
 .text.MemManage_Handler
                0x0000000008000bec        0x6 ./Core/Src/stm32f4xx_it.o
                0x0000000008000bec                MemManage_Handler
 .text.BusFault_Handler
                0x0000000008000bf2        0x6 ./Core/Src/stm32f4xx_it.o
                0x0000000008000bf2                BusFault_Handler
 .text.UsageFault_Handler
                0x0000000008000bf8        0x6 ./Core/Src/stm32f4xx_it.o
                0x0000000008000bf8                UsageFault_Handler
 .text.DebugMon_Handler
                0x0000000008000bfe        0xe ./Core/Src/stm32f4xx_it.o
                0x0000000008000bfe                DebugMon_Handler
 .text.TIM6_DAC_IRQHandler
                0x0000000008000c0c       0x14 ./Core/Src/stm32f4xx_it.o
                0x0000000008000c0c                TIM6_DAC_IRQHandler
 .text.SystemInit
                0x0000000008000c20       0x24 ./Core/Src/system_stm32f4xx.o
                0x0000000008000c20                SystemInit
 .text.Reset_Handler
                0x0000000008000c44       0x50 ./Core/Startup/startup_stm32f407vgtx.o
                0x0000000008000c44                Reset_Handler
 .text.Default_Handler
                0x0000000008000c94        0x2 ./Core/Startup/startup_stm32f407vgtx.o
                0x0000000008000c94                RTC_Alarm_IRQHandler
                0x0000000008000c94                HASH_RNG_IRQHandler
                0x0000000008000c94                EXTI2_IRQHandler
                0x0000000008000c94                TIM8_CC_IRQHandler
                0x0000000008000c94                TIM1_CC_IRQHandler
                0x0000000008000c94                DMA2_Stream5_IRQHandler
                0x0000000008000c94                DMA1_Stream5_IRQHandler
                0x0000000008000c94                PVD_IRQHandler
                0x0000000008000c94                SDIO_IRQHandler
                0x0000000008000c94                TAMP_STAMP_IRQHandler
                0x0000000008000c94                CAN2_RX1_IRQHandler
                0x0000000008000c94                EXTI3_IRQHandler
                0x0000000008000c94                TIM8_TRG_COM_TIM14_IRQHandler
                0x0000000008000c94                TIM1_UP_TIM10_IRQHandler
                0x0000000008000c94                TIM8_UP_TIM13_IRQHandler
                0x0000000008000c94                I2C3_ER_IRQHandler
                0x0000000008000c94                EXTI0_IRQHandler
                0x0000000008000c94                I2C2_EV_IRQHandler
                0x0000000008000c94                DMA1_Stream2_IRQHandler
                0x0000000008000c94                CAN1_RX0_IRQHandler
                0x0000000008000c94                FPU_IRQHandler
                0x0000000008000c94                OTG_HS_WKUP_IRQHandler
                0x0000000008000c94                CAN2_SCE_IRQHandler
                0x0000000008000c94                DMA2_Stream2_IRQHandler
                0x0000000008000c94                SPI1_IRQHandler
                0x0000000008000c94                TIM1_BRK_TIM9_IRQHandler
                0x0000000008000c94                DCMI_IRQHandler
                0x0000000008000c94                CAN2_RX0_IRQHandler
                0x0000000008000c94                DMA2_Stream3_IRQHandler
                0x0000000008000c94                USART6_IRQHandler
                0x0000000008000c94                USART3_IRQHandler
                0x0000000008000c94                CAN1_RX1_IRQHandler
                0x0000000008000c94                UART5_IRQHandler
                0x0000000008000c94                DMA2_Stream0_IRQHandler
                0x0000000008000c94                TIM4_IRQHandler
                0x0000000008000c94                I2C1_EV_IRQHandler
                0x0000000008000c94                DMA1_Stream6_IRQHandler
                0x0000000008000c94                DMA1_Stream1_IRQHandler
                0x0000000008000c94                UART4_IRQHandler
                0x0000000008000c94                TIM3_IRQHandler
                0x0000000008000c94                RCC_IRQHandler
                0x0000000008000c94                TIM8_BRK_TIM12_IRQHandler
                0x0000000008000c94                Default_Handler
                0x0000000008000c94                EXTI15_10_IRQHandler
                0x0000000008000c94                ADC_IRQHandler
                0x0000000008000c94                DMA1_Stream7_IRQHandler
                0x0000000008000c94                TIM7_IRQHandler
                0x0000000008000c94                CAN2_TX_IRQHandler
                0x0000000008000c94                TIM5_IRQHandler
                0x0000000008000c94                DMA2_Stream7_IRQHandler
                0x0000000008000c94                I2C3_EV_IRQHandler
                0x0000000008000c94                EXTI9_5_IRQHandler
                0x0000000008000c94                RTC_WKUP_IRQHandler
                0x0000000008000c94                ETH_WKUP_IRQHandler
                0x0000000008000c94                SPI2_IRQHandler
                0x0000000008000c94                OTG_HS_EP1_IN_IRQHandler
                0x0000000008000c94                DMA1_Stream0_IRQHandler
                0x0000000008000c94                CAN1_TX_IRQHandler
                0x0000000008000c94                EXTI4_IRQHandler
                0x0000000008000c94                FSMC_IRQHandler
                0x0000000008000c94                ETH_IRQHandler
                0x0000000008000c94                OTG_HS_EP1_OUT_IRQHandler
                0x0000000008000c94                WWDG_IRQHandler
                0x0000000008000c94                TIM2_IRQHandler
                0x0000000008000c94                OTG_FS_WKUP_IRQHandler
                0x0000000008000c94                TIM1_TRG_COM_TIM11_IRQHandler
                0x0000000008000c94                OTG_HS_IRQHandler
                0x0000000008000c94                EXTI1_IRQHandler
                0x0000000008000c94                I2C2_ER_IRQHandler
                0x0000000008000c94                DMA2_Stream1_IRQHandler
                0x0000000008000c94                CAN1_SCE_IRQHandler
                0x0000000008000c94                FLASH_IRQHandler
                0x0000000008000c94                DMA2_Stream4_IRQHandler
                0x0000000008000c94                USART1_IRQHandler
                0x0000000008000c94                OTG_FS_IRQHandler
                0x0000000008000c94                SPI3_IRQHandler
                0x0000000008000c94                DMA1_Stream4_IRQHandler
                0x0000000008000c94                I2C1_ER_IRQHandler
                0x0000000008000c94                DMA2_Stream6_IRQHandler
                0x0000000008000c94                DMA1_Stream3_IRQHandler
 *fill*         0x0000000008000c96        0x2 
 .text.HAL_Init
                0x0000000008000c98       0x44 ./Drivers/STM32F4xx_HAL_Driver/Src/stm32f4xx_hal.o
                0x0000000008000c98                HAL_Init
 .text.HAL_IncTick
                0x0000000008000cdc       0x28 ./Drivers/STM32F4xx_HAL_Driver/Src/stm32f4xx_hal.o
                0x0000000008000cdc                HAL_IncTick
 .text.HAL_GetTick
                0x0000000008000d04       0x18 ./Drivers/STM32F4xx_HAL_Driver/Src/stm32f4xx_hal.o
                0x0000000008000d04                HAL_GetTick
 .text.HAL_Delay
                0x0000000008000d1c       0x48 ./Drivers/STM32F4xx_HAL_Driver/Src/stm32f4xx_hal.o
                0x0000000008000d1c                HAL_Delay
 .text.__NVIC_SetPriorityGrouping
                0x0000000008000d64       0x48 ./Drivers/STM32F4xx_HAL_Driver/Src/stm32f4xx_hal_cortex.o
 .text.__NVIC_GetPriorityGrouping
                0x0000000008000dac       0x1c ./Drivers/STM32F4xx_HAL_Driver/Src/stm32f4xx_hal_cortex.o
 .text.__NVIC_EnableIRQ
                0x0000000008000dc8       0x3c ./Drivers/STM32F4xx_HAL_Driver/Src/stm32f4xx_hal_cortex.o
 .text.__NVIC_SetPriority
                0x0000000008000e04       0x54 ./Drivers/STM32F4xx_HAL_Driver/Src/stm32f4xx_hal_cortex.o
 .text.NVIC_EncodePriority
                0x0000000008000e58       0x66 ./Drivers/STM32F4xx_HAL_Driver/Src/stm32f4xx_hal_cortex.o
 .text.HAL_NVIC_SetPriorityGrouping
                0x0000000008000ebe       0x16 ./Drivers/STM32F4xx_HAL_Driver/Src/stm32f4xx_hal_cortex.o
                0x0000000008000ebe                HAL_NVIC_SetPriorityGrouping
 .text.HAL_NVIC_SetPriority
                0x0000000008000ed4       0x38 ./Drivers/STM32F4xx_HAL_Driver/Src/stm32f4xx_hal_cortex.o
                0x0000000008000ed4                HAL_NVIC_SetPriority
 .text.HAL_NVIC_EnableIRQ
                0x0000000008000f0c       0x1c ./Drivers/STM32F4xx_HAL_Driver/Src/stm32f4xx_hal_cortex.o
                0x0000000008000f0c                HAL_NVIC_EnableIRQ
 .text.HAL_GPIO_Init
                0x0000000008000f28      0x338 ./Drivers/STM32F4xx_HAL_Driver/Src/stm32f4xx_hal_gpio.o
                0x0000000008000f28                HAL_GPIO_Init
 .text.HAL_GPIO_WritePin
                0x0000000008001260       0x32 ./Drivers/STM32F4xx_HAL_Driver/Src/stm32f4xx_hal_gpio.o
                0x0000000008001260                HAL_GPIO_WritePin
 .text.HAL_GPIO_TogglePin
                0x0000000008001292       0x34 ./Drivers/STM32F4xx_HAL_Driver/Src/stm32f4xx_hal_gpio.o
                0x0000000008001292                HAL_GPIO_TogglePin
 *fill*         0x00000000080012c6        0x2 
 .text.HAL_RCC_OscConfig
                0x00000000080012c8      0x4f0 ./Drivers/STM32F4xx_HAL_Driver/Src/stm32f4xx_hal_rcc.o
                0x00000000080012c8                HAL_RCC_OscConfig
 .text.HAL_RCC_ClockConfig
                0x00000000080017b8      0x1cc ./Drivers/STM32F4xx_HAL_Driver/Src/stm32f4xx_hal_rcc.o
                0x00000000080017b8                HAL_RCC_ClockConfig
 .text.HAL_RCC_GetSysClockFreq
                0x0000000008001984      0x20c ./Drivers/STM32F4xx_HAL_Driver/Src/stm32f4xx_hal_rcc.o
                0x0000000008001984                HAL_RCC_GetSysClockFreq
 .text.HAL_RCC_GetHCLKFreq
                0x0000000008001b90       0x18 ./Drivers/STM32F4xx_HAL_Driver/Src/stm32f4xx_hal_rcc.o
                0x0000000008001b90                HAL_RCC_GetHCLKFreq
 .text.HAL_RCC_GetPCLK1Freq
                0x0000000008001ba8       0x28 ./Drivers/STM32F4xx_HAL_Driver/Src/stm32f4xx_hal_rcc.o
                0x0000000008001ba8                HAL_RCC_GetPCLK1Freq
 .text.HAL_RCC_GetClockConfig
                0x0000000008001bd0       0x64 ./Drivers/STM32F4xx_HAL_Driver/Src/stm32f4xx_hal_rcc.o
                0x0000000008001bd0                HAL_RCC_GetClockConfig
 .text.HAL_TIM_Base_Init
                0x0000000008001c34       0x9e ./Drivers/STM32F4xx_HAL_Driver/Src/stm32f4xx_hal_tim.o
                0x0000000008001c34                HAL_TIM_Base_Init
 .text.HAL_TIM_Base_MspInit
                0x0000000008001cd2       0x14 ./Drivers/STM32F4xx_HAL_Driver/Src/stm32f4xx_hal_tim.o
                0x0000000008001cd2                HAL_TIM_Base_MspInit
 *fill*         0x0000000008001ce6        0x2 
 .text.HAL_TIM_Base_Start_IT
                0x0000000008001ce8       0xe0 ./Drivers/STM32F4xx_HAL_Driver/Src/stm32f4xx_hal_tim.o
                0x0000000008001ce8                HAL_TIM_Base_Start_IT
 .text.HAL_TIM_IRQHandler
                0x0000000008001dc8      0x210 ./Drivers/STM32F4xx_HAL_Driver/Src/stm32f4xx_hal_tim.o
                0x0000000008001dc8                HAL_TIM_IRQHandler
 .text.HAL_TIM_OC_DelayElapsedCallback
                0x0000000008001fd8       0x14 ./Drivers/STM32F4xx_HAL_Driver/Src/stm32f4xx_hal_tim.o
                0x0000000008001fd8                HAL_TIM_OC_DelayElapsedCallback
 .text.HAL_TIM_IC_CaptureCallback
                0x0000000008001fec       0x14 ./Drivers/STM32F4xx_HAL_Driver/Src/stm32f4xx_hal_tim.o
                0x0000000008001fec                HAL_TIM_IC_CaptureCallback
 .text.HAL_TIM_PWM_PulseFinishedCallback
                0x0000000008002000       0x14 ./Drivers/STM32F4xx_HAL_Driver/Src/stm32f4xx_hal_tim.o
                0x0000000008002000                HAL_TIM_PWM_PulseFinishedCallback
 .text.HAL_TIM_TriggerCallback
                0x0000000008002014       0x14 ./Drivers/STM32F4xx_HAL_Driver/Src/stm32f4xx_hal_tim.o
                0x0000000008002014                HAL_TIM_TriggerCallback
 .text.TIM_Base_SetConfig
                0x0000000008002028      0x140 ./Drivers/STM32F4xx_HAL_Driver/Src/stm32f4xx_hal_tim.o
                0x0000000008002028                TIM_Base_SetConfig
 .text.HAL_TIMEx_CommutCallback
                0x0000000008002168       0x14 ./Drivers/STM32F4xx_HAL_Driver/Src/stm32f4xx_hal_tim_ex.o
                0x0000000008002168                HAL_TIMEx_CommutCallback
 .text.HAL_TIMEx_BreakCallback
                0x000000000800217c       0x14 ./Drivers/STM32F4xx_HAL_Driver/Src/stm32f4xx_hal_tim_ex.o
                0x000000000800217c                HAL_TIMEx_BreakCallback
 .text.vListInitialise
                0x0000000008002190       0x40 ./common/ThirdParty/FreeRTOS/list.o
                0x0000000008002190                vListInitialise
 .text.vListInitialiseItem
                0x00000000080021d0       0x1a ./common/ThirdParty/FreeRTOS/list.o
                0x00000000080021d0                vListInitialiseItem
 .text.vListInsertEnd
                0x00000000080021ea       0x48 ./common/ThirdParty/FreeRTOS/list.o
                0x00000000080021ea                vListInsertEnd
 .text.vListInsert
                0x0000000008002232       0x72 ./common/ThirdParty/FreeRTOS/list.o
                0x0000000008002232                vListInsert
 .text.uxListRemove
                0x00000000080022a4       0x54 ./common/ThirdParty/FreeRTOS/list.o
                0x00000000080022a4                uxListRemove
 .text.xQueueGenericReset
                0x00000000080022f8       0xd0 ./common/ThirdParty/FreeRTOS/queue.o
                0x00000000080022f8                xQueueGenericReset
 .text.xQueueGenericCreate
                0x00000000080023c8       0xbe ./common/ThirdParty/FreeRTOS/queue.o
                0x00000000080023c8                xQueueGenericCreate
 .text.prvInitialiseNewQueue
                0x0000000008002486       0x52 ./common/ThirdParty/FreeRTOS/queue.o
 .text.xQueueGenericSend
                0x00000000080024d8      0x24c ./common/ThirdParty/FreeRTOS/queue.o
                0x00000000080024d8                xQueueGenericSend
 .text.xQueueGenericSendFromISR
                0x0000000008002724      0x17c ./common/ThirdParty/FreeRTOS/queue.o
                0x0000000008002724                xQueueGenericSendFromISR
 .text.xQueueReceive
                0x00000000080028a0      0x220 ./common/ThirdParty/FreeRTOS/queue.o
                0x00000000080028a0                xQueueReceive
 .text.prvCopyDataToQueue
                0x0000000008002ac0       0xd4 ./common/ThirdParty/FreeRTOS/queue.o
 .text.prvCopyDataFromQueue
                0x0000000008002b94       0x4c ./common/ThirdParty/FreeRTOS/queue.o
 .text.prvUnlockQueue
                0x0000000008002be0       0xa4 ./common/ThirdParty/FreeRTOS/queue.o
 .text.prvIsQueueEmpty
                0x0000000008002c84       0x2c ./common/ThirdParty/FreeRTOS/queue.o
 .text.prvIsQueueFull
                0x0000000008002cb0       0x30 ./common/ThirdParty/FreeRTOS/queue.o
 .text.vQueueAddToRegistry
                0x0000000008002ce0       0x64 ./common/ThirdParty/FreeRTOS/queue.o
                0x0000000008002ce0                vQueueAddToRegistry
 .text.vQueueWaitForMessageRestricted
                0x0000000008002d44       0x68 ./common/ThirdParty/FreeRTOS/queue.o
                0x0000000008002d44                vQueueWaitForMessageRestricted
 .text.xTaskCreate
                0x0000000008002dac       0x82 ./common/ThirdParty/FreeRTOS/tasks.o
                0x0000000008002dac                xTaskCreate
 .text.prvInitialiseNewTask
                0x0000000008002e2e      0x12c ./common/ThirdParty/FreeRTOS/tasks.o
 *fill*         0x0000000008002f5a        0x2 
 .text.prvAddNewTaskToReadyList
                0x0000000008002f5c      0x118 ./common/ThirdParty/FreeRTOS/tasks.o
 .text.vTaskStartScheduler
                0x0000000008003074       0xc4 ./common/ThirdParty/FreeRTOS/tasks.o
                0x0000000008003074                vTaskStartScheduler
 .text.vTaskSuspendAll
                0x0000000008003138       0x1c ./common/ThirdParty/FreeRTOS/tasks.o
                0x0000000008003138                vTaskSuspendAll
 .text.xTaskResumeAll
                0x0000000008003154      0x140 ./common/ThirdParty/FreeRTOS/tasks.o
                0x0000000008003154                xTaskResumeAll
 .text.xTaskGetTickCount
                0x0000000008003294       0x20 ./common/ThirdParty/FreeRTOS/tasks.o
                0x0000000008003294                xTaskGetTickCount
 .text.xTaskGetTickCountFromISR
                0x00000000080032b4       0x24 ./common/ThirdParty/FreeRTOS/tasks.o
                0x00000000080032b4                xTaskGetTickCountFromISR
 .text.xTaskIncrementTick
                0x00000000080032d8      0x178 ./common/ThirdParty/FreeRTOS/tasks.o
                0x00000000080032d8                xTaskIncrementTick
 .text.vTaskSwitchContext
                0x0000000008003450       0xd4 ./common/ThirdParty/FreeRTOS/tasks.o
                0x0000000008003450                vTaskSwitchContext
 .text.vTaskPlaceOnEventList
                0x0000000008003524       0x48 ./common/ThirdParty/FreeRTOS/tasks.o
                0x0000000008003524                vTaskPlaceOnEventList
 .text.vTaskPlaceOnEventListRestricted
                0x000000000800356c       0x5c ./common/ThirdParty/FreeRTOS/tasks.o
                0x000000000800356c                vTaskPlaceOnEventListRestricted
 .text.xTaskRemoveFromEventList
                0x00000000080035c8       0xcc ./common/ThirdParty/FreeRTOS/tasks.o
                0x00000000080035c8                xTaskRemoveFromEventList
 .text.vTaskInternalSetTimeOutState
                0x0000000008003694       0x2c ./common/ThirdParty/FreeRTOS/tasks.o
                0x0000000008003694                vTaskInternalSetTimeOutState
 .text.xTaskCheckForTimeOut
                0x00000000080036c0       0xcc ./common/ThirdParty/FreeRTOS/tasks.o
                0x00000000080036c0                xTaskCheckForTimeOut
 .text.vTaskMissedYield
                0x000000000800378c       0x18 ./common/ThirdParty/FreeRTOS/tasks.o
                0x000000000800378c                vTaskMissedYield
 .text.prvIdleTask
                0x00000000080037a4       0x30 ./common/ThirdParty/FreeRTOS/tasks.o
 .text.prvInitialiseTaskLists
                0x00000000080037d4       0x80 ./common/ThirdParty/FreeRTOS/tasks.o
 .text.prvCheckTasksWaitingTermination
                0x0000000008003854       0x5c ./common/ThirdParty/FreeRTOS/tasks.o
 .text.prvDeleteTCB
                0x00000000080038b0       0x20 ./common/ThirdParty/FreeRTOS/tasks.o
 .text.prvResetNextTaskUnblockTime
                0x00000000080038d0       0x38 ./common/ThirdParty/FreeRTOS/tasks.o
 .text.xTaskGetSchedulerState
                0x0000000008003908       0x3c ./common/ThirdParty/FreeRTOS/tasks.o
                0x0000000008003908                xTaskGetSchedulerState
 .text.xTaskPriorityDisinherit
                0x0000000008003944      0x100 ./common/ThirdParty/FreeRTOS/tasks.o
                0x0000000008003944                xTaskPriorityDisinherit
 .text.prvAddCurrentTaskToDelayedList
                0x0000000008003a44       0xf0 ./common/ThirdParty/FreeRTOS/tasks.o
 .text.xTimerCreateTimerTask
                0x0000000008003b34       0x64 ./common/ThirdParty/FreeRTOS/timers.o
                0x0000000008003b34                xTimerCreateTimerTask
 .text.xTimerGenericCommand
                0x0000000008003b98       0x9c ./common/ThirdParty/FreeRTOS/timers.o
                0x0000000008003b98                xTimerGenericCommand
 .text.prvProcessExpiredTimer
                0x0000000008003c34       0x98 ./common/ThirdParty/FreeRTOS/timers.o
 .text.prvTimerTask
                0x0000000008003ccc       0x24 ./common/ThirdParty/FreeRTOS/timers.o
 .text.prvProcessTimerOrBlockTask
                0x0000000008003cf0       0x9c ./common/ThirdParty/FreeRTOS/timers.o
 .text.prvGetNextExpireTime
                0x0000000008003d8c       0x48 ./common/ThirdParty/FreeRTOS/timers.o
 .text.prvSampleTimeNow
                0x0000000008003dd4       0x40 ./common/ThirdParty/FreeRTOS/timers.o
 .text.prvInsertTimerInActiveList
                0x0000000008003e14       0x84 ./common/ThirdParty/FreeRTOS/timers.o
 .text.prvProcessReceivedCommands
                0x0000000008003e98      0x18c ./common/ThirdParty/FreeRTOS/timers.o
 .text.prvSwitchTimerLists
                0x0000000008004024       0xc8 ./common/ThirdParty/FreeRTOS/timers.o
 .text.prvCheckForValidListAndQueue
                0x00000000080040ec       0x6c ./common/ThirdParty/FreeRTOS/timers.o
 .text.pxPortInitialiseStack
                0x0000000008004158       0x68 ./common/ThirdParty/FreeRTOS/portable/GCC/ARM_CM4F/port.o
                0x0000000008004158                pxPortInitialiseStack
 .text.prvTaskExitError
                0x00000000080041c0       0x58 ./common/ThirdParty/FreeRTOS/portable/GCC/ARM_CM4F/port.o
 *fill*         0x0000000008004218        0x8 
 .text.SVC_Handler
                0x0000000008004220       0x28 ./common/ThirdParty/FreeRTOS/portable/GCC/ARM_CM4F/port.o
                0x0000000008004220                SVC_Handler
 .text.prvPortStartFirstTask
                0x0000000008004248       0x2c ./common/ThirdParty/FreeRTOS/portable/GCC/ARM_CM4F/port.o
 .text.xPortStartScheduler
                0x0000000008004274      0x144 ./common/ThirdParty/FreeRTOS/portable/GCC/ARM_CM4F/port.o
                0x0000000008004274                xPortStartScheduler
 .text.vInitPrioGroupValue
                0x00000000080043b8       0xfc ./common/ThirdParty/FreeRTOS/portable/GCC/ARM_CM4F/port.o
                0x00000000080043b8                vInitPrioGroupValue
 .text.vPortEnterCritical
                0x00000000080044b4       0x60 ./common/ThirdParty/FreeRTOS/portable/GCC/ARM_CM4F/port.o
                0x00000000080044b4                vPortEnterCritical
 .text.vPortExitCritical
                0x0000000008004514       0x54 ./common/ThirdParty/FreeRTOS/portable/GCC/ARM_CM4F/port.o
                0x0000000008004514                vPortExitCritical
 *fill*         0x0000000008004568        0x8 
 .text.PendSV_Handler
                0x0000000008004570       0x68 ./common/ThirdParty/FreeRTOS/portable/GCC/ARM_CM4F/port.o
                0x0000000008004570                PendSV_Handler
 .text.SysTick_Handler
                0x00000000080045d8       0x54 ./common/ThirdParty/FreeRTOS/portable/GCC/ARM_CM4F/port.o
                0x00000000080045d8                SysTick_Handler
 .text.vPortSetupTimerInterrupt
                0x000000000800462c       0x48 ./common/ThirdParty/FreeRTOS/portable/GCC/ARM_CM4F/port.o
                0x000000000800462c                vPortSetupTimerInterrupt
 .text.vPortEnableVFP
                0x0000000008004674       0x18 ./common/ThirdParty/FreeRTOS/portable/GCC/ARM_CM4F/port.o
 .text.vPortValidateInterruptPriority
                0x000000000800468c       0x80 ./common/ThirdParty/FreeRTOS/portable/GCC/ARM_CM4F/port.o
                0x000000000800468c                vPortValidateInterruptPriority
 .text.pvPortMalloc
                0x000000000800470c      0x1c0 ./common/ThirdParty/FreeRTOS/portable/MemMang/heap_4.o
                0x000000000800470c                pvPortMalloc
 .text.vPortFree
                0x00000000080048cc       0xc4 ./common/ThirdParty/FreeRTOS/portable/MemMang/heap_4.o
                0x00000000080048cc                vPortFree
 .text.prvHeapInit
                0x0000000008004990       0xc4 ./common/ThirdParty/FreeRTOS/portable/MemMang/heap_4.o
 .text.prvInsertBlockIntoFreeList
                0x0000000008004a54       0xb4 ./common/ThirdParty/FreeRTOS/portable/MemMang/heap_4.o
 .text._cbSendSystemDesc
                0x0000000008004b08       0x1c ./common/ThirdParty/SEGGER/Config/SEGGER_SYSVIEW_Config_FreeRTOS.o
 .text.SEGGER_SYSVIEW_Conf
                0x0000000008004b24       0x2c ./common/ThirdParty/SEGGER/Config/SEGGER_SYSVIEW_Config_FreeRTOS.o
                0x0000000008004b24                SEGGER_SYSVIEW_Conf
 .text._cbSendTaskList
                0x0000000008004b50       0x90 ./common/ThirdParty/SEGGER/OS/SEGGER_SYSVIEW_FreeRTOS.o
 .text._cbGetTime
                0x0000000008004be0       0x86 ./common/ThirdParty/SEGGER/OS/SEGGER_SYSVIEW_FreeRTOS.o
 *fill*         0x0000000008004c66        0x2 
 .text.SYSVIEW_AddTask
                0x0000000008004c68       0xd0 ./common/ThirdParty/SEGGER/OS/SEGGER_SYSVIEW_FreeRTOS.o
                0x0000000008004c68                SYSVIEW_AddTask
 .text.SYSVIEW_SendTaskInfo
                0x0000000008004d38       0x42 ./common/ThirdParty/SEGGER/OS/SEGGER_SYSVIEW_FreeRTOS.o
                0x0000000008004d38                SYSVIEW_SendTaskInfo
 *fill*         0x0000000008004d7a        0x2 
 .text._DoInit  0x0000000008004d7c       0xb4 ./common/ThirdParty/SEGGER/SEGGER/SEGGER_RTT.o
 .text._WriteBlocking
                0x0000000008004e30       0xba ./common/ThirdParty/SEGGER/SEGGER/SEGGER_RTT.o
 .text._WriteNoCheck
                0x0000000008004eea       0x90 ./common/ThirdParty/SEGGER/SEGGER/SEGGER_RTT.o
 .text._GetAvailWriteSpace
                0x0000000008004f7a       0x46 ./common/ThirdParty/SEGGER/SEGGER/SEGGER_RTT.o
 .text.SEGGER_RTT_ReadUpBufferNoLock
                0x0000000008004fc0      0x10c ./common/ThirdParty/SEGGER/SEGGER/SEGGER_RTT.o
                0x0000000008004fc0                SEGGER_RTT_ReadUpBufferNoLock
 .text.SEGGER_RTT_ReadNoLock
                0x00000000080050cc      0x10c ./common/ThirdParty/SEGGER/SEGGER/SEGGER_RTT.o
                0x00000000080050cc                SEGGER_RTT_ReadNoLock
 .text.SEGGER_RTT_WriteDownBufferNoLock
                0x00000000080051d8       0xa0 ./common/ThirdParty/SEGGER/SEGGER/SEGGER_RTT.o
                0x00000000080051d8                SEGGER_RTT_WriteDownBufferNoLock
 .text.SEGGER_RTT_WriteDownBuffer
                0x0000000008005278       0x4c ./common/ThirdParty/SEGGER/SEGGER/SEGGER_RTT.o
                0x0000000008005278                SEGGER_RTT_WriteDownBuffer
 .text.SEGGER_RTT_AllocUpBuffer
                0x00000000080052c4      0x108 ./common/ThirdParty/SEGGER/SEGGER/SEGGER_RTT.o
                0x00000000080052c4                SEGGER_RTT_AllocUpBuffer
 .text.SEGGER_RTT_ConfigDownBuffer
                0x00000000080053cc       0x98 ./common/ThirdParty/SEGGER/SEGGER/SEGGER_RTT.o
                0x00000000080053cc                SEGGER_RTT_ConfigDownBuffer
 .text._EncodeStr
                0x0000000008005464       0x60 ./common/ThirdParty/SEGGER/SEGGER/SEGGER_SYSVIEW.o
 .text._PreparePacket
                0x00000000080054c4       0x18 ./common/ThirdParty/SEGGER/SEGGER/SEGGER_SYSVIEW.o
 .text._HandleIncomingPacket
                0x00000000080054dc       0xe0 ./common/ThirdParty/SEGGER/SEGGER/SEGGER_SYSVIEW.o
 .text._TrySendOverflowPacket
                0x00000000080055bc       0xe8 ./common/ThirdParty/SEGGER/SEGGER/SEGGER_SYSVIEW.o
 .text._SendPacket
                0x00000000080056a4      0x2e0 ./common/ThirdParty/SEGGER/SEGGER/SEGGER_SYSVIEW.o
 .text._StoreChar
                0x0000000008005984       0xf6 ./common/ThirdParty/SEGGER/SEGGER/SEGGER_SYSVIEW.o
 *fill*         0x0000000008005a7a        0x2 
 .text._PrintUnsigned
                0x0000000008005a7c      0x12c ./common/ThirdParty/SEGGER/SEGGER/SEGGER_SYSVIEW.o
 .text._PrintInt
                0x0000000008005ba8      0x11e ./common/ThirdParty/SEGGER/SEGGER/SEGGER_SYSVIEW.o
 *fill*         0x0000000008005cc6        0x2 
 .text._VPrintTarget
                0x0000000008005cc8      0x440 ./common/ThirdParty/SEGGER/SEGGER/SEGGER_SYSVIEW.o
 .text.SEGGER_SYSVIEW_Init
                0x0000000008006108       0x88 ./common/ThirdParty/SEGGER/SEGGER/SEGGER_SYSVIEW.o
                0x0000000008006108                SEGGER_SYSVIEW_Init
 .text.SEGGER_SYSVIEW_SetRAMBase
                0x0000000008006190       0x20 ./common/ThirdParty/SEGGER/SEGGER/SEGGER_SYSVIEW.o
                0x0000000008006190                SEGGER_SYSVIEW_SetRAMBase
 .text.SEGGER_SYSVIEW_RecordVoid
                0x00000000080061b0       0x3c ./common/ThirdParty/SEGGER/SEGGER/SEGGER_SYSVIEW.o
                0x00000000080061b0                SEGGER_SYSVIEW_RecordVoid
 .text.SEGGER_SYSVIEW_RecordU32
                0x00000000080061ec       0x78 ./common/ThirdParty/SEGGER/SEGGER/SEGGER_SYSVIEW.o
                0x00000000080061ec                SEGGER_SYSVIEW_RecordU32
 .text.SEGGER_SYSVIEW_RecordU32x2
                0x0000000008006264       0xb4 ./common/ThirdParty/SEGGER/SEGGER/SEGGER_SYSVIEW.o
                0x0000000008006264                SEGGER_SYSVIEW_RecordU32x2
 .text.SEGGER_SYSVIEW_RecordU32x3
                0x0000000008006318       0xec ./common/ThirdParty/SEGGER/SEGGER/SEGGER_SYSVIEW.o
                0x0000000008006318                SEGGER_SYSVIEW_RecordU32x3
 .text.SEGGER_SYSVIEW_RecordU32x4
                0x0000000008006404      0x124 ./common/ThirdParty/SEGGER/SEGGER/SEGGER_SYSVIEW.o
                0x0000000008006404                SEGGER_SYSVIEW_RecordU32x4
 .text.SEGGER_SYSVIEW_Start
                0x0000000008006528      0x178 ./common/ThirdParty/SEGGER/SEGGER/SEGGER_SYSVIEW.o
                0x0000000008006528                SEGGER_SYSVIEW_Start
 .text.SEGGER_SYSVIEW_Stop
                0x00000000080066a0       0x4c ./common/ThirdParty/SEGGER/SEGGER/SEGGER_SYSVIEW.o
                0x00000000080066a0                SEGGER_SYSVIEW_Stop
 .text.SEGGER_SYSVIEW_GetSysDesc
                0x00000000080066ec      0x134 ./common/ThirdParty/SEGGER/SEGGER/SEGGER_SYSVIEW.o
                0x00000000080066ec                SEGGER_SYSVIEW_GetSysDesc
 .text.SEGGER_SYSVIEW_SendTaskInfo
                0x0000000008006820      0x1c8 ./common/ThirdParty/SEGGER/SEGGER/SEGGER_SYSVIEW.o
                0x0000000008006820                SEGGER_SYSVIEW_SendTaskInfo
 .text.SEGGER_SYSVIEW_SendTaskList
                0x00000000080069e8       0x28 ./common/ThirdParty/SEGGER/SEGGER/SEGGER_SYSVIEW.o
                0x00000000080069e8                SEGGER_SYSVIEW_SendTaskList
 .text.SEGGER_SYSVIEW_SendSysDesc
                0x0000000008006a10       0x48 ./common/ThirdParty/SEGGER/SEGGER/SEGGER_SYSVIEW.o
                0x0000000008006a10                SEGGER_SYSVIEW_SendSysDesc
 .text.SEGGER_SYSVIEW_RecordSystime
                0x0000000008006a58       0x64 ./common/ThirdParty/SEGGER/SEGGER/SEGGER_SYSVIEW.o
                0x0000000008006a58                SEGGER_SYSVIEW_RecordSystime
 .text.SEGGER_SYSVIEW_RecordEnterISR
                0x0000000008006abc       0x84 ./common/ThirdParty/SEGGER/SEGGER/SEGGER_SYSVIEW.o
                0x0000000008006abc                SEGGER_SYSVIEW_RecordEnterISR
 .text.SEGGER_SYSVIEW_RecordExitISR
                0x0000000008006b40       0x38 ./common/ThirdParty/SEGGER/SEGGER/SEGGER_SYSVIEW.o
                0x0000000008006b40                SEGGER_SYSVIEW_RecordExitISR
 .text.SEGGER_SYSVIEW_RecordExitISRToScheduler
                0x0000000008006b78       0x38 ./common/ThirdParty/SEGGER/SEGGER/SEGGER_SYSVIEW.o
                0x0000000008006b78                SEGGER_SYSVIEW_RecordExitISRToScheduler
 .text.SEGGER_SYSVIEW_OnIdle
                0x0000000008006bb0       0x38 ./common/ThirdParty/SEGGER/SEGGER/SEGGER_SYSVIEW.o
                0x0000000008006bb0                SEGGER_SYSVIEW_OnIdle
 .text.SEGGER_SYSVIEW_OnTaskCreate
                0x0000000008006be8       0x84 ./common/ThirdParty/SEGGER/SEGGER/SEGGER_SYSVIEW.o
                0x0000000008006be8                SEGGER_SYSVIEW_OnTaskCreate
 .text.SEGGER_SYSVIEW_OnTaskStartExec
                0x0000000008006c6c       0x84 ./common/ThirdParty/SEGGER/SEGGER/SEGGER_SYSVIEW.o
                0x0000000008006c6c                SEGGER_SYSVIEW_OnTaskStartExec
 .text.SEGGER_SYSVIEW_OnTaskStartReady
                0x0000000008006cf0       0x84 ./common/ThirdParty/SEGGER/SEGGER/SEGGER_SYSVIEW.o
                0x0000000008006cf0                SEGGER_SYSVIEW_OnTaskStartReady
 .text.SEGGER_SYSVIEW_OnTaskStopReady
                0x0000000008006d74       0xc0 ./common/ThirdParty/SEGGER/SEGGER/SEGGER_SYSVIEW.o
                0x0000000008006d74                SEGGER_SYSVIEW_OnTaskStopReady
 .text.SEGGER_SYSVIEW_ShrinkId
                0x0000000008006e34       0x20 ./common/ThirdParty/SEGGER/SEGGER/SEGGER_SYSVIEW.o
                0x0000000008006e34                SEGGER_SYSVIEW_ShrinkId
 .text.SEGGER_SYSVIEW_SendModule
                0x0000000008006e54      0x114 ./common/ThirdParty/SEGGER/SEGGER/SEGGER_SYSVIEW.o
                0x0000000008006e54                SEGGER_SYSVIEW_SendModule
 .text.SEGGER_SYSVIEW_SendModuleDescription
                0x0000000008006f68       0x3c ./common/ThirdParty/SEGGER/SEGGER/SEGGER_SYSVIEW.o
                0x0000000008006f68                SEGGER_SYSVIEW_SendModuleDescription
 .text.SEGGER_SYSVIEW_SendNumModules
                0x0000000008006fa4       0x7c ./common/ThirdParty/SEGGER/SEGGER/SEGGER_SYSVIEW.o
                0x0000000008006fa4                SEGGER_SYSVIEW_SendNumModules
 .text.SEGGER_SYSVIEW_PrintfTarget
                0x0000000008007020       0x28 ./common/ThirdParty/SEGGER/SEGGER/SEGGER_SYSVIEW.o
                0x0000000008007020                SEGGER_SYSVIEW_PrintfTarget
 .text.SEGGER_SYSVIEW_Warn
                0x0000000008007048       0xb8 ./common/ThirdParty/SEGGER/SEGGER/SEGGER_SYSVIEW.o
                0x0000000008007048                SEGGER_SYSVIEW_Warn
 .text.SEGGER_SYSVIEW_IsStarted
                0x0000000008007100       0x5c ./common/ThirdParty/SEGGER/SEGGER/SEGGER_SYSVIEW.o
                0x0000000008007100                SEGGER_SYSVIEW_IsStarted
 .text.__NVIC_EnableIRQ
                0x000000000800715c       0x3c ./common/ThirdParty/SEGGER/rec/segger_uart.o
 .text.__NVIC_SetPriority
                0x0000000008007198       0x54 ./common/ThirdParty/SEGGER/rec/segger_uart.o
 .text._StartSysView
                0x00000000080071ec       0x1e ./common/ThirdParty/SEGGER/rec/segger_uart.o
 *fill*         0x000000000800720a        0x2 
 .text._cbOnUARTRx
                0x000000000800720c       0x40 ./common/ThirdParty/SEGGER/rec/segger_uart.o
 .text._cbOnUARTTx
                0x000000000800724c       0x64 ./common/ThirdParty/SEGGER/rec/segger_uart.o
 .text.SEGGER_UART_init
                0x00000000080072b0       0x24 ./common/ThirdParty/SEGGER/rec/segger_uart.o
                0x00000000080072b0                SEGGER_UART_init
 .text.USART2_IRQHandler
                0x00000000080072d4       0x94 ./common/ThirdParty/SEGGER/rec/segger_uart.o
                0x00000000080072d4                USART2_IRQHandler
 .text.HIF_UART_EnableTXEInterrupt
                0x0000000008007368       0x20 ./common/ThirdParty/SEGGER/rec/segger_uart.o
                0x0000000008007368                HIF_UART_EnableTXEInterrupt
 .text.HIF_UART_Init
                0x0000000008007388       0xf4 ./common/ThirdParty/SEGGER/rec/segger_uart.o
                0x0000000008007388                HIF_UART_Init
 .text.__libc_init_array
                0x000000000800747c       0x48 c:/st/stm32cubeide_1.12.0/stm32cubeide/plugins/com.st.stm32cube.ide.mcu.externaltools.gnu-tools-for-stm32.10.3-2021.10.win32_1.0.200.202301161003/tools/bin/../lib/gcc/arm-none-eabi/10.3.1/../../../../arm-none-eabi/lib/thumb/v7e-m+fp/hard\libc_nano.a(lib_a-init.o)
                0x000000000800747c                __libc_init_array
 .text.memcmp   0x00000000080074c4       0x20 c:/st/stm32cubeide_1.12.0/stm32cubeide/plugins/com.st.stm32cube.ide.mcu.externaltools.gnu-tools-for-stm32.10.3-2021.10.win32_1.0.200.202301161003/tools/bin/../lib/gcc/arm-none-eabi/10.3.1/../../../../arm-none-eabi/lib/thumb/v7e-m+fp/hard\libc_nano.a(lib_a-memcmp.o)
                0x00000000080074c4                memcmp
 .text.memcpy   0x00000000080074e4       0x1c c:/st/stm32cubeide_1.12.0/stm32cubeide/plugins/com.st.stm32cube.ide.mcu.externaltools.gnu-tools-for-stm32.10.3-2021.10.win32_1.0.200.202301161003/tools/bin/../lib/gcc/arm-none-eabi/10.3.1/../../../../arm-none-eabi/lib/thumb/v7e-m+fp/hard\libc_nano.a(lib_a-memcpy-stub.o)
                0x00000000080074e4                memcpy
 .text.memset   0x0000000008007500       0x10 c:/st/stm32cubeide_1.12.0/stm32cubeide/plugins/com.st.stm32cube.ide.mcu.externaltools.gnu-tools-for-stm32.10.3-2021.10.win32_1.0.200.202301161003/tools/bin/../lib/gcc/arm-none-eabi/10.3.1/../../../../arm-none-eabi/lib/thumb/v7e-m+fp/hard\libc_nano.a(lib_a-memset.o)
                0x0000000008007500                memset
 *(.glue_7)
 .glue_7        0x0000000008007510        0x0 linker stubs
 *(.glue_7t)
 .glue_7t       0x0000000008007510        0x0 linker stubs
 *(.eh_frame)
 .eh_frame      0x0000000008007510        0x0 c:/st/stm32cubeide_1.12.0/stm32cubeide/plugins/com.st.stm32cube.ide.mcu.externaltools.gnu-tools-for-stm32.10.3-2021.10.win32_1.0.200.202301161003/tools/bin/../lib/gcc/arm-none-eabi/10.3.1/thumb/v7e-m+fp/hard/crtbegin.o
 *(.init)
 .init          0x0000000008007510        0x4 c:/st/stm32cubeide_1.12.0/stm32cubeide/plugins/com.st.stm32cube.ide.mcu.externaltools.gnu-tools-for-stm32.10.3-2021.10.win32_1.0.200.202301161003/tools/bin/../lib/gcc/arm-none-eabi/10.3.1/thumb/v7e-m+fp/hard/crti.o
                0x0000000008007510                _init
 .init          0x0000000008007514        0x8 c:/st/stm32cubeide_1.12.0/stm32cubeide/plugins/com.st.stm32cube.ide.mcu.externaltools.gnu-tools-for-stm32.10.3-2021.10.win32_1.0.200.202301161003/tools/bin/../lib/gcc/arm-none-eabi/10.3.1/thumb/v7e-m+fp/hard/crtn.o
 *(.fini)
 .fini          0x000000000800751c        0x4 c:/st/stm32cubeide_1.12.0/stm32cubeide/plugins/com.st.stm32cube.ide.mcu.externaltools.gnu-tools-for-stm32.10.3-2021.10.win32_1.0.200.202301161003/tools/bin/../lib/gcc/arm-none-eabi/10.3.1/thumb/v7e-m+fp/hard/crti.o
                0x000000000800751c                _fini
 .fini          0x0000000008007520        0x8 c:/st/stm32cubeide_1.12.0/stm32cubeide/plugins/com.st.stm32cube.ide.mcu.externaltools.gnu-tools-for-stm32.10.3-2021.10.win32_1.0.200.202301161003/tools/bin/../lib/gcc/arm-none-eabi/10.3.1/thumb/v7e-m+fp/hard/crtn.o
                0x0000000008007528                . = ALIGN (0x4)
                0x0000000008007528                _etext = .

.vfp11_veneer   0x0000000008007528        0x0
 .vfp11_veneer  0x0000000008007528        0x0 linker stubs

.v4_bx          0x0000000008007528        0x0
 .v4_bx         0x0000000008007528        0x0 linker stubs

.iplt           0x0000000008007528        0x0
 .iplt          0x0000000008007528        0x0 c:/st/stm32cubeide_1.12.0/stm32cubeide/plugins/com.st.stm32cube.ide.mcu.externaltools.gnu-tools-for-stm32.10.3-2021.10.win32_1.0.200.202301161003/tools/bin/../lib/gcc/arm-none-eabi/10.3.1/thumb/v7e-m+fp/hard/crtbegin.o

.rodata         0x0000000008007528      0x1a0
                0x0000000008007528                . = ALIGN (0x4)
 *(.rodata)
 .rodata        0x0000000008007528       0x69 ./Core/Src/main.o
 *fill*         0x0000000008007591        0x3 
 .rodata        0x0000000008007594        0x5 ./common/ThirdParty/FreeRTOS/tasks.o
 *fill*         0x0000000008007599        0x3 
 .rodata        0x000000000800759c        0xd ./common/ThirdParty/FreeRTOS/timers.o
 *fill*         0x00000000080075a9        0x3 
 .rodata        0x00000000080075ac       0x51 ./common/ThirdParty/SEGGER/Config/SEGGER_SYSVIEW_Config_FreeRTOS.o
 *fill*         0x00000000080075fd        0x3 
 .rodata        0x0000000008007600       0x58 ./common/ThirdParty/SEGGER/OS/SEGGER_SYSVIEW_FreeRTOS.o
 .rodata        0x0000000008007658        0x9 ./common/ThirdParty/SEGGER/SEGGER/SEGGER_RTT.o
 *fill*         0x0000000008007661        0x3 
 .rodata        0x0000000008007664       0x10 ./common/ThirdParty/SEGGER/SEGGER/SEGGER_SYSVIEW.o
 *(.rodata*)
 .rodata.AHBPrescTable
                0x0000000008007674       0x10 ./Core/Src/system_stm32f4xx.o
                0x0000000008007674                AHBPrescTable
 .rodata.APBPrescTable
                0x0000000008007684        0x8 ./Core/Src/system_stm32f4xx.o
                0x0000000008007684                APBPrescTable
 .rodata.SYSVIEW_X_OS_TraceAPI
                0x000000000800768c        0x8 ./common/ThirdParty/SEGGER/OS/SEGGER_SYSVIEW_FreeRTOS.o
                0x000000000800768c                SYSVIEW_X_OS_TraceAPI
 .rodata._aInitStr.0
                0x0000000008007694       0x11 ./common/ThirdParty/SEGGER/SEGGER/SEGGER_RTT.o
 *fill*         0x00000000080076a5        0x3 
 .rodata._abSync
                0x00000000080076a8        0xa ./common/ThirdParty/SEGGER/SEGGER/SEGGER_SYSVIEW.o
 *fill*         0x00000000080076b2        0x2 
 .rodata._aV2C.0
                0x00000000080076b4       0x10 ./common/ThirdParty/SEGGER/SEGGER/SEGGER_SYSVIEW.o
 .rodata._abHelloMsg
                0x00000000080076c4        0x4 ./common/ThirdParty/SEGGER/rec/segger_uart.o
                0x00000000080076c8                . = ALIGN (0x4)

.ARM.extab      0x00000000080076c8        0x0
                0x00000000080076c8                . = ALIGN (0x4)
 *(.ARM.extab* .gnu.linkonce.armextab.*)
                0x00000000080076c8                . = ALIGN (0x4)

.ARM            0x00000000080076c8        0x8
                0x00000000080076c8                . = ALIGN (0x4)
                0x00000000080076c8                __exidx_start = .
 *(.ARM.exidx*)
 .ARM.exidx     0x00000000080076c8        0x8 c:/st/stm32cubeide_1.12.0/stm32cubeide/plugins/com.st.stm32cube.ide.mcu.externaltools.gnu-tools-for-stm32.10.3-2021.10.win32_1.0.200.202301161003/tools/bin/../lib/gcc/arm-none-eabi/10.3.1/thumb/v7e-m+fp/hard\libgcc.a(_udivmoddi4.o)
                0x00000000080076d0                __exidx_end = .
                0x00000000080076d0                . = ALIGN (0x4)

.rel.dyn        0x00000000080076d0        0x0
 .rel.iplt      0x00000000080076d0        0x0 c:/st/stm32cubeide_1.12.0/stm32cubeide/plugins/com.st.stm32cube.ide.mcu.externaltools.gnu-tools-for-stm32.10.3-2021.10.win32_1.0.200.202301161003/tools/bin/../lib/gcc/arm-none-eabi/10.3.1/thumb/v7e-m+fp/hard/crtbegin.o

.preinit_array  0x00000000080076d0        0x0
                0x00000000080076d0                . = ALIGN (0x4)
                0x00000000080076d0                PROVIDE (__preinit_array_start = .)
 *(.preinit_array*)
                0x00000000080076d0                PROVIDE (__preinit_array_end = .)
                0x00000000080076d0                . = ALIGN (0x4)

.init_array     0x00000000080076d0        0x4
                0x00000000080076d0                . = ALIGN (0x4)
                0x00000000080076d0                PROVIDE (__init_array_start = .)
 *(SORT_BY_NAME(.init_array.*))
 *(.init_array*)
 .init_array    0x00000000080076d0        0x4 c:/st/stm32cubeide_1.12.0/stm32cubeide/plugins/com.st.stm32cube.ide.mcu.externaltools.gnu-tools-for-stm32.10.3-2021.10.win32_1.0.200.202301161003/tools/bin/../lib/gcc/arm-none-eabi/10.3.1/thumb/v7e-m+fp/hard/crtbegin.o
                0x00000000080076d4                PROVIDE (__init_array_end = .)
                0x00000000080076d4                . = ALIGN (0x4)

.fini_array     0x00000000080076d4        0x4
                0x00000000080076d4                . = ALIGN (0x4)
                [!provide]                        PROVIDE (__fini_array_start = .)
 *(SORT_BY_NAME(.fini_array.*))
 *(.fini_array*)
 .fini_array    0x00000000080076d4        0x4 c:/st/stm32cubeide_1.12.0/stm32cubeide/plugins/com.st.stm32cube.ide.mcu.externaltools.gnu-tools-for-stm32.10.3-2021.10.win32_1.0.200.202301161003/tools/bin/../lib/gcc/arm-none-eabi/10.3.1/thumb/v7e-m+fp/hard/crtbegin.o
                [!provide]                        PROVIDE (__fini_array_end = .)
                0x00000000080076d8                . = ALIGN (0x4)
                0x00000000080076d8                _sidata = LOADADDR (.data)

.data           0x0000000020000000       0x1c load address 0x00000000080076d8
                0x0000000020000000                . = ALIGN (0x4)
                0x0000000020000000                _sdata = .
 *(.data)
 *(.data*)
 .data.SystemCoreClock
                0x0000000020000000        0x4 ./Core/Src/system_stm32f4xx.o
                0x0000000020000000                SystemCoreClock
 .data.uwTickPrio
                0x0000000020000004        0x4 ./Drivers/STM32F4xx_HAL_Driver/Src/stm32f4xx_hal.o
                0x0000000020000004                uwTickPrio
 .data.uwTickFreq
                0x0000000020000008        0x1 ./Drivers/STM32F4xx_HAL_Driver/Src/stm32f4xx_hal.o
                0x0000000020000008                uwTickFreq
 *fill*         0x0000000020000009        0x3 
 .data.uxTopUsedPriority
                0x000000002000000c        0x4 ./common/ThirdParty/FreeRTOS/tasks.o
                0x000000002000000c                uxTopUsedPriority
 .data.uxCriticalNesting
                0x0000000020000010        0x4 ./common/ThirdParty/FreeRTOS/portable/GCC/ARM_CM4F/port.o
 .data._SVInfo  0x0000000020000014        0x8 ./common/ThirdParty/SEGGER/rec/segger_uart.o
 *(.RamFunc)
 *(.RamFunc*)
                0x000000002000001c                . = ALIGN (0x4)
                0x000000002000001c                _edata = .
                0x00000000080076f4                _siccmram = LOADADDR (.ccmram)

.igot.plt       0x000000002000001c        0x0 load address 0x00000000080076f4
 .igot.plt      0x000000002000001c        0x0 c:/st/stm32cubeide_1.12.0/stm32cubeide/plugins/com.st.stm32cube.ide.mcu.externaltools.gnu-tools-for-stm32.10.3-2021.10.win32_1.0.200.202301161003/tools/bin/../lib/gcc/arm-none-eabi/10.3.1/thumb/v7e-m+fp/hard/crtbegin.o

.ccmram         0x0000000010000000        0x0 load address 0x00000000080076f4
                0x0000000010000000                . = ALIGN (0x4)
                0x0000000010000000                _sccmram = .
 *(.ccmram)
 *(.ccmram*)
                0x0000000010000000                . = ALIGN (0x4)
                0x0000000010000000                _eccmram = .
                0x0000000010000000                . = ALIGN (0x4)

.bss            0x000000002000001c    0x1a890
                0x000000002000001c                _sbss = .
                0x000000002000001c                __bss_start__ = _sbss
 *(.bss)
 .bss           0x000000002000001c       0x1c c:/st/stm32cubeide_1.12.0/stm32cubeide/plugins/com.st.stm32cube.ide.mcu.externaltools.gnu-tools-for-stm32.10.3-2021.10.win32_1.0.200.202301161003/tools/bin/../lib/gcc/arm-none-eabi/10.3.1/thumb/v7e-m+fp/hard/crtbegin.o
 *(.bss*)
 .bss.htim6     0x0000000020000038       0x48 ./Core/Src/stm32f4xx_hal_timebase_tim.o
                0x0000000020000038                htim6
 .bss.uwTick    0x0000000020000080        0x4 ./Drivers/STM32F4xx_HAL_Driver/Src/stm32f4xx_hal.o
                0x0000000020000080                uwTick
 .bss.xQueueRegistry
                0x0000000020000084       0x40 ./common/ThirdParty/FreeRTOS/queue.o
                0x0000000020000084                xQueueRegistry
 .bss.pxCurrentTCB
                0x00000000200000c4        0x4 ./common/ThirdParty/FreeRTOS/tasks.o
                0x00000000200000c4                pxCurrentTCB
 .bss.pxReadyTasksLists
                0x00000000200000c8       0x64 ./common/ThirdParty/FreeRTOS/tasks.o
 .bss.xDelayedTaskList1
                0x000000002000012c       0x14 ./common/ThirdParty/FreeRTOS/tasks.o
 .bss.xDelayedTaskList2
                0x0000000020000140       0x14 ./common/ThirdParty/FreeRTOS/tasks.o
 .bss.pxDelayedTaskList
                0x0000000020000154        0x4 ./common/ThirdParty/FreeRTOS/tasks.o
 .bss.pxOverflowDelayedTaskList
                0x0000000020000158        0x4 ./common/ThirdParty/FreeRTOS/tasks.o
 .bss.xPendingReadyList
                0x000000002000015c       0x14 ./common/ThirdParty/FreeRTOS/tasks.o
 .bss.xTasksWaitingTermination
                0x0000000020000170       0x14 ./common/ThirdParty/FreeRTOS/tasks.o
 .bss.uxDeletedTasksWaitingCleanUp
                0x0000000020000184        0x4 ./common/ThirdParty/FreeRTOS/tasks.o
 .bss.xSuspendedTaskList
                0x0000000020000188       0x14 ./common/ThirdParty/FreeRTOS/tasks.o
 .bss.uxCurrentNumberOfTasks
                0x000000002000019c        0x4 ./common/ThirdParty/FreeRTOS/tasks.o
 .bss.xTickCount
                0x00000000200001a0        0x4 ./common/ThirdParty/FreeRTOS/tasks.o
 .bss.uxTopReadyPriority
                0x00000000200001a4        0x4 ./common/ThirdParty/FreeRTOS/tasks.o
 .bss.xSchedulerRunning
                0x00000000200001a8        0x4 ./common/ThirdParty/FreeRTOS/tasks.o
 .bss.xPendedTicks
                0x00000000200001ac        0x4 ./common/ThirdParty/FreeRTOS/tasks.o
 .bss.xYieldPending
                0x00000000200001b0        0x4 ./common/ThirdParty/FreeRTOS/tasks.o
 .bss.xNumOfOverflows
                0x00000000200001b4        0x4 ./common/ThirdParty/FreeRTOS/tasks.o
 .bss.uxTaskNumber
                0x00000000200001b8        0x4 ./common/ThirdParty/FreeRTOS/tasks.o
 .bss.xNextTaskUnblockTime
                0x00000000200001bc        0x4 ./common/ThirdParty/FreeRTOS/tasks.o
 .bss.xIdleTaskHandle
                0x00000000200001c0        0x4 ./common/ThirdParty/FreeRTOS/tasks.o
 .bss.uxSchedulerSuspended
                0x00000000200001c4        0x4 ./common/ThirdParty/FreeRTOS/tasks.o
 .bss.xActiveTimerList1
                0x00000000200001c8       0x14 ./common/ThirdParty/FreeRTOS/timers.o
 .bss.xActiveTimerList2
                0x00000000200001dc       0x14 ./common/ThirdParty/FreeRTOS/timers.o
 .bss.pxCurrentTimerList
                0x00000000200001f0        0x4 ./common/ThirdParty/FreeRTOS/timers.o
 .bss.pxOverflowTimerList
                0x00000000200001f4        0x4 ./common/ThirdParty/FreeRTOS/timers.o
 .bss.xTimerQueue
                0x00000000200001f8        0x4 ./common/ThirdParty/FreeRTOS/timers.o
 .bss.xTimerTaskHandle
                0x00000000200001fc        0x4 ./common/ThirdParty/FreeRTOS/timers.o
 .bss.xLastTime.0
                0x0000000020000200        0x4 ./common/ThirdParty/FreeRTOS/timers.o
 .bss.ucMaxSysCallPriority
                0x0000000020000204        0x1 ./common/ThirdParty/FreeRTOS/portable/GCC/ARM_CM4F/port.o
 *fill*         0x0000000020000205        0x3 
 .bss.ulMaxPRIGROUPValue
                0x0000000020000208        0x4 ./common/ThirdParty/FreeRTOS/portable/GCC/ARM_CM4F/port.o
 .bss.ucHeap    0x000000002000020c    0x19000 ./common/ThirdParty/FreeRTOS/portable/MemMang/heap_4.o
 .bss.xStart    0x000000002001920c        0x8 ./common/ThirdParty/FreeRTOS/portable/MemMang/heap_4.o
 .bss.pxEnd     0x0000000020019214        0x4 ./common/ThirdParty/FreeRTOS/portable/MemMang/heap_4.o
 .bss.xFreeBytesRemaining
                0x0000000020019218        0x4 ./common/ThirdParty/FreeRTOS/portable/MemMang/heap_4.o
 .bss.xMinimumEverFreeBytesRemaining
                0x000000002001921c        0x4 ./common/ThirdParty/FreeRTOS/portable/MemMang/heap_4.o
 .bss.xNumberOfSuccessfulAllocations
                0x0000000020019220        0x4 ./common/ThirdParty/FreeRTOS/portable/MemMang/heap_4.o
 .bss.xNumberOfSuccessfulFrees
                0x0000000020019224        0x4 ./common/ThirdParty/FreeRTOS/portable/MemMang/heap_4.o
 .bss.xBlockAllocatedBit
                0x0000000020019228        0x4 ./common/ThirdParty/FreeRTOS/portable/MemMang/heap_4.o
 .bss._aTasks   0x000000002001922c       0xa0 ./common/ThirdParty/SEGGER/OS/SEGGER_SYSVIEW_FreeRTOS.o
 .bss._NumTasks
                0x00000000200192cc        0x4 ./common/ThirdParty/SEGGER/OS/SEGGER_SYSVIEW_FreeRTOS.o
 .bss._SEGGER_RTT
                0x00000000200192d0       0xa8 ./common/ThirdParty/SEGGER/SEGGER/SEGGER_RTT.o
                0x00000000200192d0                _SEGGER_RTT
 .bss._acUpBuffer
                0x0000000020019378      0x400 ./common/ThirdParty/SEGGER/SEGGER/SEGGER_RTT.o
 .bss._acDownBuffer
                0x0000000020019778       0x10 ./common/ThirdParty/SEGGER/SEGGER/SEGGER_RTT.o
 .bss._UpBuffer
                0x0000000020019788     0x1000 ./common/ThirdParty/SEGGER/SEGGER/SEGGER_SYSVIEW.o
 .bss._DownBuffer
                0x000000002001a788        0x8 ./common/ThirdParty/SEGGER/SEGGER/SEGGER_SYSVIEW.o
 .bss._SYSVIEW_Globals
                0x000000002001a790       0x28 ./common/ThirdParty/SEGGER/SEGGER/SEGGER_SYSVIEW.o
 .bss._pFirstModule
                0x000000002001a7b8        0x4 ./common/ThirdParty/SEGGER/SEGGER/SEGGER_SYSVIEW.o
 .bss._NumModules
                0x000000002001a7bc        0x1 ./common/ThirdParty/SEGGER/SEGGER/SEGGER_SYSVIEW.o
 *fill*         0x000000002001a7bd        0x3 
 .bss._aPacket  0x000000002001a7c0       0xe3 ./common/ThirdParty/SEGGER/SEGGER/SEGGER_SYSVIEW.o
 *fill*         0x000000002001a8a3        0x1 
 .bss._cbOnRx   0x000000002001a8a4        0x4 ./common/ThirdParty/SEGGER/rec/segger_uart.o
 .bss._cbOnTx   0x000000002001a8a8        0x4 ./common/ThirdParty/SEGGER/rec/segger_uart.o
 *(COMMON)
                0x000000002001a8ac                . = ALIGN (0x4)
                0x000000002001a8ac                _ebss = .
                0x000000002001a8ac                __bss_end__ = _ebss

._user_heap_stack
                0x000000002001a8ac      0x604
                0x000000002001a8b0                . = ALIGN (0x8)
 *fill*         0x000000002001a8ac        0x4 
                [!provide]                        PROVIDE (end = .)
                0x000000002001a8b0                PROVIDE (_end = .)
                0x000000002001aab0                . = (. + _Min_Heap_Size)
 *fill*         0x000000002001a8b0      0x200 
                0x000000002001aeb0                . = (. + _Min_Stack_Size)
 *fill*         0x000000002001aab0      0x400 
                0x000000002001aeb0                . = ALIGN (0x8)

/DISCARD/
 libc.a(*)
 libm.a(*)
 libgcc.a(*)

.ARM.attributes
                0x0000000000000000       0x30
 *(.ARM.attributes)
 .ARM.attributes
                0x0000000000000000       0x1e c:/st/stm32cubeide_1.12.0/stm32cubeide/plugins/com.st.stm32cube.ide.mcu.externaltools.gnu-tools-for-stm32.10.3-2021.10.win32_1.0.200.202301161003/tools/bin/../lib/gcc/arm-none-eabi/10.3.1/thumb/v7e-m+fp/hard/crti.o
 .ARM.attributes
                0x000000000000001e       0x34 c:/st/stm32cubeide_1.12.0/stm32cubeide/plugins/com.st.stm32cube.ide.mcu.externaltools.gnu-tools-for-stm32.10.3-2021.10.win32_1.0.200.202301161003/tools/bin/../lib/gcc/arm-none-eabi/10.3.1/thumb/v7e-m+fp/hard/crtbegin.o
 .ARM.attributes
                0x0000000000000052       0x34 ./Core/Src/main.o
 .ARM.attributes
                0x0000000000000086       0x34 ./Core/Src/stm32f4xx_hal_msp.o
 .ARM.attributes
                0x00000000000000ba       0x34 ./Core/Src/stm32f4xx_hal_timebase_tim.o
 .ARM.attributes
                0x00000000000000ee       0x34 ./Core/Src/stm32f4xx_it.o
 .ARM.attributes
                0x0000000000000122       0x34 ./Core/Src/system_stm32f4xx.o
 .ARM.attributes
                0x0000000000000156       0x21 ./Core/Startup/startup_stm32f407vgtx.o
 .ARM.attributes
                0x0000000000000177       0x34 ./Drivers/STM32F4xx_HAL_Driver/Src/stm32f4xx_hal.o
 .ARM.attributes
                0x00000000000001ab       0x34 ./Drivers/STM32F4xx_HAL_Driver/Src/stm32f4xx_hal_cortex.o
 .ARM.attributes
                0x00000000000001df       0x34 ./Drivers/STM32F4xx_HAL_Driver/Src/stm32f4xx_hal_gpio.o
 .ARM.attributes
                0x0000000000000213       0x34 ./Drivers/STM32F4xx_HAL_Driver/Src/stm32f4xx_hal_rcc.o
 .ARM.attributes
                0x0000000000000247       0x34 ./Drivers/STM32F4xx_HAL_Driver/Src/stm32f4xx_hal_tim.o
 .ARM.attributes
                0x000000000000027b       0x34 ./Drivers/STM32F4xx_HAL_Driver/Src/stm32f4xx_hal_tim_ex.o
 .ARM.attributes
                0x00000000000002af       0x34 ./common/ThirdParty/FreeRTOS/list.o
 .ARM.attributes
                0x00000000000002e3       0x34 ./common/ThirdParty/FreeRTOS/queue.o
 .ARM.attributes
                0x0000000000000317       0x34 ./common/ThirdParty/FreeRTOS/tasks.o
 .ARM.attributes
                0x000000000000034b       0x34 ./common/ThirdParty/FreeRTOS/timers.o
 .ARM.attributes
                0x000000000000037f       0x34 ./common/ThirdParty/FreeRTOS/portable/GCC/ARM_CM4F/port.o
 .ARM.attributes
                0x00000000000003b3       0x34 ./common/ThirdParty/FreeRTOS/portable/MemMang/heap_4.o
 .ARM.attributes
                0x00000000000003e7       0x34 ./common/ThirdParty/SEGGER/Config/SEGGER_SYSVIEW_Config_FreeRTOS.o
 .ARM.attributes
                0x000000000000041b       0x34 ./common/ThirdParty/SEGGER/OS/SEGGER_SYSVIEW_FreeRTOS.o
 .ARM.attributes
                0x000000000000044f       0x34 ./common/ThirdParty/SEGGER/SEGGER/SEGGER_RTT.o
 .ARM.attributes
                0x0000000000000483       0x20 ./common/ThirdParty/SEGGER/SEGGER/SEGGER_RTT_ASM_ARMv7M.o
 .ARM.attributes
                0x00000000000004a3       0x34 ./common/ThirdParty/SEGGER/SEGGER/SEGGER_SYSVIEW.o
 .ARM.attributes
                0x00000000000004d7       0x34 ./common/ThirdParty/SEGGER/rec/segger_uart.o
 .ARM.attributes
                0x000000000000050b       0x34 c:/st/stm32cubeide_1.12.0/stm32cubeide/plugins/com.st.stm32cube.ide.mcu.externaltools.gnu-tools-for-stm32.10.3-2021.10.win32_1.0.200.202301161003/tools/bin/../lib/gcc/arm-none-eabi/10.3.1/../../../../arm-none-eabi/lib/thumb/v7e-m+fp/hard\libc_nano.a(lib_a-init.o)
 .ARM.attributes
                0x000000000000053f       0x34 c:/st/stm32cubeide_1.12.0/stm32cubeide/plugins/com.st.stm32cube.ide.mcu.externaltools.gnu-tools-for-stm32.10.3-2021.10.win32_1.0.200.202301161003/tools/bin/../lib/gcc/arm-none-eabi/10.3.1/../../../../arm-none-eabi/lib/thumb/v7e-m+fp/hard\libc_nano.a(lib_a-memcmp.o)
 .ARM.attributes
                0x0000000000000573       0x34 c:/st/stm32cubeide_1.12.0/stm32cubeide/plugins/com.st.stm32cube.ide.mcu.externaltools.gnu-tools-for-stm32.10.3-2021.10.win32_1.0.200.202301161003/tools/bin/../lib/gcc/arm-none-eabi/10.3.1/../../../../arm-none-eabi/lib/thumb/v7e-m+fp/hard\libc_nano.a(lib_a-memcpy-stub.o)
 .ARM.attributes
                0x00000000000005a7       0x34 c:/st/stm32cubeide_1.12.0/stm32cubeide/plugins/com.st.stm32cube.ide.mcu.externaltools.gnu-tools-for-stm32.10.3-2021.10.win32_1.0.200.202301161003/tools/bin/../lib/gcc/arm-none-eabi/10.3.1/../../../../arm-none-eabi/lib/thumb/v7e-m+fp/hard\libc_nano.a(lib_a-memset.o)
 .ARM.attributes
                0x00000000000005db       0x1e c:/st/stm32cubeide_1.12.0/stm32cubeide/plugins/com.st.stm32cube.ide.mcu.externaltools.gnu-tools-for-stm32.10.3-2021.10.win32_1.0.200.202301161003/tools/bin/../lib/gcc/arm-none-eabi/10.3.1/thumb/v7e-m+fp/hard\libgcc.a(_aeabi_uldivmod.o)
 .ARM.attributes
                0x00000000000005f9       0x34 c:/st/stm32cubeide_1.12.0/stm32cubeide/plugins/com.st.stm32cube.ide.mcu.externaltools.gnu-tools-for-stm32.10.3-2021.10.win32_1.0.200.202301161003/tools/bin/../lib/gcc/arm-none-eabi/10.3.1/thumb/v7e-m+fp/hard\libgcc.a(_udivmoddi4.o)
 .ARM.attributes
                0x000000000000062d       0x1e c:/st/stm32cubeide_1.12.0/stm32cubeide/plugins/com.st.stm32cube.ide.mcu.externaltools.gnu-tools-for-stm32.10.3-2021.10.win32_1.0.200.202301161003/tools/bin/../lib/gcc/arm-none-eabi/10.3.1/thumb/v7e-m+fp/hard\libgcc.a(_dvmd_tls.o)
 .ARM.attributes
                0x000000000000064b       0x1e c:/st/stm32cubeide_1.12.0/stm32cubeide/plugins/com.st.stm32cube.ide.mcu.externaltools.gnu-tools-for-stm32.10.3-2021.10.win32_1.0.200.202301161003/tools/bin/../lib/gcc/arm-none-eabi/10.3.1/thumb/v7e-m+fp/hard/crtn.o
OUTPUT(Task002_LED.elf elf32-littlearm)
LOAD linker stubs
LOAD c:/st/stm32cubeide_1.12.0/stm32cubeide/plugins/com.st.stm32cube.ide.mcu.externaltools.gnu-tools-for-stm32.10.3-2021.10.win32_1.0.200.202301161003/tools/bin/../lib/gcc/arm-none-eabi/10.3.1/../../../../arm-none-eabi/lib/thumb/v7e-m+fp/hard\libc.a
LOAD c:/st/stm32cubeide_1.12.0/stm32cubeide/plugins/com.st.stm32cube.ide.mcu.externaltools.gnu-tools-for-stm32.10.3-2021.10.win32_1.0.200.202301161003/tools/bin/../lib/gcc/arm-none-eabi/10.3.1/../../../../arm-none-eabi/lib/thumb/v7e-m+fp/hard\libm.a
LOAD c:/st/stm32cubeide_1.12.0/stm32cubeide/plugins/com.st.stm32cube.ide.mcu.externaltools.gnu-tools-for-stm32.10.3-2021.10.win32_1.0.200.202301161003/tools/bin/../lib/gcc/arm-none-eabi/10.3.1/thumb/v7e-m+fp/hard\libgcc.a

.debug_info     0x0000000000000000    0x15471
 .debug_info    0x0000000000000000      0xf5d ./Core/Src/main.o
 .debug_info    0x0000000000000f5d      0x2b7 ./Core/Src/stm32f4xx_hal_msp.o
 .debug_info    0x0000000000001214      0xc4b ./Core/Src/stm32f4xx_hal_timebase_tim.o
 .debug_info    0x0000000000001e5f      0x6f8 ./Core/Src/stm32f4xx_it.o
 .debug_info    0x0000000000002557      0x523 ./Core/Src/system_stm32f4xx.o
 .debug_info    0x0000000000002a7a       0x22 ./Core/Startup/startup_stm32f407vgtx.o
 .debug_info    0x0000000000002a9c      0x97c ./Drivers/STM32F4xx_HAL_Driver/Src/stm32f4xx_hal.o
 .debug_info    0x0000000000003418      0xe1b ./Drivers/STM32F4xx_HAL_Driver/Src/stm32f4xx_hal_cortex.o
 .debug_info    0x0000000000004233      0x76a ./Drivers/STM32F4xx_HAL_Driver/Src/stm32f4xx_hal_gpio.o
 .debug_info    0x000000000000499d      0x966 ./Drivers/STM32F4xx_HAL_Driver/Src/stm32f4xx_hal_rcc.o
 .debug_info    0x0000000000005303     0x2bbe ./Drivers/STM32F4xx_HAL_Driver/Src/stm32f4xx_hal_tim.o
 .debug_info    0x0000000000007ec1     0x15e0 ./Drivers/STM32F4xx_HAL_Driver/Src/stm32f4xx_hal_tim_ex.o
 .debug_info    0x00000000000094a1      0x2d1 ./common/ThirdParty/FreeRTOS/list.o
 .debug_info    0x0000000000009772     0x1988 ./common/ThirdParty/FreeRTOS/queue.o
 .debug_info    0x000000000000b0fa     0x23e7 ./common/ThirdParty/FreeRTOS/tasks.o
 .debug_info    0x000000000000d4e1      0xedd ./common/ThirdParty/FreeRTOS/timers.o
 .debug_info    0x000000000000e3be      0x5ca ./common/ThirdParty/FreeRTOS/portable/GCC/ARM_CM4F/port.o
 .debug_info    0x000000000000e988      0x50d ./common/ThirdParty/FreeRTOS/portable/MemMang/heap_4.o
 .debug_info    0x000000000000ee95      0x184 ./common/ThirdParty/SEGGER/Config/SEGGER_SYSVIEW_Config_FreeRTOS.o
 .debug_info    0x000000000000f019      0x44b ./common/ThirdParty/SEGGER/OS/SEGGER_SYSVIEW_FreeRTOS.o
 .debug_info    0x000000000000f464     0x1600 ./common/ThirdParty/SEGGER/SEGGER/SEGGER_RTT.o
 .debug_info    0x0000000000010a64       0x26 ./common/ThirdParty/SEGGER/SEGGER/SEGGER_RTT_ASM_ARMv7M.o
 .debug_info    0x0000000000010a8a     0x40c9 ./common/ThirdParty/SEGGER/SEGGER/SEGGER_SYSVIEW.o
 .debug_info    0x0000000000014b53      0x91e ./common/ThirdParty/SEGGER/rec/segger_uart.o

.debug_abbrev   0x0000000000000000     0x2fb8
 .debug_abbrev  0x0000000000000000      0x2de ./Core/Src/main.o
 .debug_abbrev  0x00000000000002de       0xe7 ./Core/Src/stm32f4xx_hal_msp.o
 .debug_abbrev  0x00000000000003c5      0x1e6 ./Core/Src/stm32f4xx_hal_timebase_tim.o
 .debug_abbrev  0x00000000000005ab      0x171 ./Core/Src/stm32f4xx_it.o
 .debug_abbrev  0x000000000000071c      0x116 ./Core/Src/system_stm32f4xx.o
 .debug_abbrev  0x0000000000000832       0x12 ./Core/Startup/startup_stm32f407vgtx.o
 .debug_abbrev  0x0000000000000844      0x20d ./Drivers/STM32F4xx_HAL_Driver/Src/stm32f4xx_hal.o
 .debug_abbrev  0x0000000000000a51      0x316 ./Drivers/STM32F4xx_HAL_Driver/Src/stm32f4xx_hal_cortex.o
 .debug_abbrev  0x0000000000000d67      0x1c4 ./Drivers/STM32F4xx_HAL_Driver/Src/stm32f4xx_hal_gpio.o
 .debug_abbrev  0x0000000000000f2b      0x2aa ./Drivers/STM32F4xx_HAL_Driver/Src/stm32f4xx_hal_rcc.o
 .debug_abbrev  0x00000000000011d5      0x25d ./Drivers/STM32F4xx_HAL_Driver/Src/stm32f4xx_hal_tim.o
 .debug_abbrev  0x0000000000001432      0x265 ./Drivers/STM32F4xx_HAL_Driver/Src/stm32f4xx_hal_tim_ex.o
 .debug_abbrev  0x0000000000001697       0xf2 ./common/ThirdParty/FreeRTOS/list.o
 .debug_abbrev  0x0000000000001789      0x312 ./common/ThirdParty/FreeRTOS/queue.o
 .debug_abbrev  0x0000000000001a9b      0x39f ./common/ThirdParty/FreeRTOS/tasks.o
 .debug_abbrev  0x0000000000001e3a      0x2d8 ./common/ThirdParty/FreeRTOS/timers.o
 .debug_abbrev  0x0000000000002112      0x259 ./common/ThirdParty/FreeRTOS/portable/GCC/ARM_CM4F/port.o
 .debug_abbrev  0x000000000000236b      0x212 ./common/ThirdParty/FreeRTOS/portable/MemMang/heap_4.o
 .debug_abbrev  0x000000000000257d       0xdd ./common/ThirdParty/SEGGER/Config/SEGGER_SYSVIEW_Config_FreeRTOS.o
 .debug_abbrev  0x000000000000265a      0x189 ./common/ThirdParty/SEGGER/OS/SEGGER_SYSVIEW_FreeRTOS.o
 .debug_abbrev  0x00000000000027e3      0x227 ./common/ThirdParty/SEGGER/SEGGER/SEGGER_RTT.o
 .debug_abbrev  0x0000000000002a0a       0x14 ./common/ThirdParty/SEGGER/SEGGER/SEGGER_RTT_ASM_ARMv7M.o
 .debug_abbrev  0x0000000000002a1e      0x31f ./common/ThirdParty/SEGGER/SEGGER/SEGGER_SYSVIEW.o
 .debug_abbrev  0x0000000000002d3d      0x27b ./common/ThirdParty/SEGGER/rec/segger_uart.o

.debug_aranges  0x0000000000000000     0x13b0
 .debug_aranges
                0x0000000000000000       0x58 ./Core/Src/main.o
 .debug_aranges
                0x0000000000000058       0x20 ./Core/Src/stm32f4xx_hal_msp.o
 .debug_aranges
                0x0000000000000078       0x30 ./Core/Src/stm32f4xx_hal_timebase_tim.o
 .debug_aranges
                0x00000000000000a8       0x50 ./Core/Src/stm32f4xx_it.o
 .debug_aranges
                0x00000000000000f8       0x28 ./Core/Src/system_stm32f4xx.o
 .debug_aranges
                0x0000000000000120       0x28 ./Core/Startup/startup_stm32f407vgtx.o
 .debug_aranges
                0x0000000000000148       0xf0 ./Drivers/STM32F4xx_HAL_Driver/Src/stm32f4xx_hal.o
 .debug_aranges
                0x0000000000000238      0x118 ./Drivers/STM32F4xx_HAL_Driver/Src/stm32f4xx_hal_cortex.o
 .debug_aranges
                0x0000000000000350       0x58 ./Drivers/STM32F4xx_HAL_Driver/Src/stm32f4xx_hal_gpio.o
 .debug_aranges
                0x00000000000003a8       0x88 ./Drivers/STM32F4xx_HAL_Driver/Src/stm32f4xx_hal_rcc.o
 .debug_aranges
                0x0000000000000430      0x3d0 ./Drivers/STM32F4xx_HAL_Driver/Src/stm32f4xx_hal_tim.o
 .debug_aranges
                0x0000000000000800      0x168 ./Drivers/STM32F4xx_HAL_Driver/Src/stm32f4xx_hal_tim_ex.o
 .debug_aranges
                0x0000000000000968       0x40 ./common/ThirdParty/FreeRTOS/list.o
 .debug_aranges
                0x00000000000009a8      0x130 ./common/ThirdParty/FreeRTOS/queue.o
 .debug_aranges
                0x0000000000000ad8      0x208 ./common/ThirdParty/FreeRTOS/tasks.o
 .debug_aranges
                0x0000000000000ce0       0xd8 ./common/ThirdParty/FreeRTOS/timers.o
 .debug_aranges
                0x0000000000000db8       0x88 ./common/ThirdParty/FreeRTOS/portable/GCC/ARM_CM4F/port.o
 .debug_aranges
                0x0000000000000e40       0x58 ./common/ThirdParty/FreeRTOS/portable/MemMang/heap_4.o
 .debug_aranges
                0x0000000000000e98       0x28 ./common/ThirdParty/SEGGER/Config/SEGGER_SYSVIEW_Config_FreeRTOS.o
 .debug_aranges
                0x0000000000000ec0       0x48 ./common/ThirdParty/SEGGER/OS/SEGGER_SYSVIEW_FreeRTOS.o
 .debug_aranges
                0x0000000000000f08      0x138 ./common/ThirdParty/SEGGER/SEGGER/SEGGER_RTT.o
 .debug_aranges
                0x0000000000001040       0x20 ./common/ThirdParty/SEGGER/SEGGER/SEGGER_RTT_ASM_ARMv7M.o
 .debug_aranges
                0x0000000000001060      0x2e8 ./common/ThirdParty/SEGGER/SEGGER/SEGGER_SYSVIEW.o
 .debug_aranges
                0x0000000000001348       0x68 ./common/ThirdParty/SEGGER/rec/segger_uart.o

.debug_ranges   0x0000000000000000     0x1228
 .debug_ranges  0x0000000000000000       0x48 ./Core/Src/main.o
 .debug_ranges  0x0000000000000048       0x10 ./Core/Src/stm32f4xx_hal_msp.o
 .debug_ranges  0x0000000000000058       0x20 ./Core/Src/stm32f4xx_hal_timebase_tim.o
 .debug_ranges  0x0000000000000078       0x40 ./Core/Src/stm32f4xx_it.o
 .debug_ranges  0x00000000000000b8       0x18 ./Core/Src/system_stm32f4xx.o
 .debug_ranges  0x00000000000000d0       0x20 ./Core/Startup/startup_stm32f407vgtx.o
 .debug_ranges  0x00000000000000f0       0xe0 ./Drivers/STM32F4xx_HAL_Driver/Src/stm32f4xx_hal.o
 .debug_ranges  0x00000000000001d0      0x108 ./Drivers/STM32F4xx_HAL_Driver/Src/stm32f4xx_hal_cortex.o
 .debug_ranges  0x00000000000002d8       0x48 ./Drivers/STM32F4xx_HAL_Driver/Src/stm32f4xx_hal_gpio.o
 .debug_ranges  0x0000000000000320       0x78 ./Drivers/STM32F4xx_HAL_Driver/Src/stm32f4xx_hal_rcc.o
 .debug_ranges  0x0000000000000398      0x3c0 ./Drivers/STM32F4xx_HAL_Driver/Src/stm32f4xx_hal_tim.o
 .debug_ranges  0x0000000000000758      0x158 ./Drivers/STM32F4xx_HAL_Driver/Src/stm32f4xx_hal_tim_ex.o
 .debug_ranges  0x00000000000008b0       0x30 ./common/ThirdParty/FreeRTOS/list.o
 .debug_ranges  0x00000000000008e0      0x120 ./common/ThirdParty/FreeRTOS/queue.o
 .debug_ranges  0x0000000000000a00      0x1f8 ./common/ThirdParty/FreeRTOS/tasks.o
 .debug_ranges  0x0000000000000bf8       0xc8 ./common/ThirdParty/FreeRTOS/timers.o
 .debug_ranges  0x0000000000000cc0       0x78 ./common/ThirdParty/FreeRTOS/portable/GCC/ARM_CM4F/port.o
 .debug_ranges  0x0000000000000d38       0x48 ./common/ThirdParty/FreeRTOS/portable/MemMang/heap_4.o
 .debug_ranges  0x0000000000000d80       0x18 ./common/ThirdParty/SEGGER/Config/SEGGER_SYSVIEW_Config_FreeRTOS.o
 .debug_ranges  0x0000000000000d98       0x38 ./common/ThirdParty/SEGGER/OS/SEGGER_SYSVIEW_FreeRTOS.o
 .debug_ranges  0x0000000000000dd0      0x128 ./common/ThirdParty/SEGGER/SEGGER/SEGGER_RTT.o
 .debug_ranges  0x0000000000000ef8      0x2d8 ./common/ThirdParty/SEGGER/SEGGER/SEGGER_SYSVIEW.o
 .debug_ranges  0x00000000000011d0       0x58 ./common/ThirdParty/SEGGER/rec/segger_uart.o

.debug_macro    0x0000000000000000    0x2300a
 .debug_macro   0x0000000000000000      0x2a2 ./Core/Src/main.o
 .debug_macro   0x00000000000002a2      0xa78 ./Core/Src/main.o
 .debug_macro   0x0000000000000d1a      0x295 ./Core/Src/main.o
 .debug_macro   0x0000000000000faf       0x2e ./Core/Src/main.o
 .debug_macro   0x0000000000000fdd       0x2f ./Core/Src/main.o
 .debug_macro   0x000000000000100c       0x22 ./Core/Src/main.o
 .debug_macro   0x000000000000102e       0x8e ./Core/Src/main.o
 .debug_macro   0x00000000000010bc       0x51 ./Core/Src/main.o
 .debug_macro   0x000000000000110d      0x103 ./Core/Src/main.o
 .debug_macro   0x0000000000001210       0x6a ./Core/Src/main.o
 .debug_macro   0x000000000000127a      0x1df ./Core/Src/main.o
 .debug_macro   0x0000000000001459       0x1c ./Core/Src/main.o
 .debug_macro   0x0000000000001475       0x22 ./Core/Src/main.o
 .debug_macro   0x0000000000001497       0xd9 ./Core/Src/main.o
 .debug_macro   0x0000000000001570     0x102d ./Core/Src/main.o
 .debug_macro   0x000000000000259d      0x11f ./Core/Src/main.o
 .debug_macro   0x00000000000026bc    0x15e82 ./Core/Src/main.o
 .debug_macro   0x000000000001853e       0x6d ./Core/Src/main.o
 .debug_macro   0x00000000000185ab     0x367e ./Core/Src/main.o
 .debug_macro   0x000000000001bc29      0x174 ./Core/Src/main.o
 .debug_macro   0x000000000001bd9d       0x5c ./Core/Src/main.o
 .debug_macro   0x000000000001bdf9      0x96b ./Core/Src/main.o
 .debug_macro   0x000000000001c764      0x9fe ./Core/Src/main.o
 .debug_macro   0x000000000001d162      0x115 ./Core/Src/main.o
 .debug_macro   0x000000000001d277      0x13e ./Core/Src/main.o
 .debug_macro   0x000000000001d3b5       0xa5 ./Core/Src/main.o
 .debug_macro   0x000000000001d45a      0x174 ./Core/Src/main.o
 .debug_macro   0x000000000001d5ce      0x287 ./Core/Src/main.o
 .debug_macro   0x000000000001d855       0x5f ./Core/Src/main.o
 .debug_macro   0x000000000001d8b4      0x236 ./Core/Src/main.o
 .debug_macro   0x000000000001daea      0x12c ./Core/Src/main.o
 .debug_macro   0x000000000001dc16      0x21e ./Core/Src/main.o
 .debug_macro   0x000000000001de34       0x2e ./Core/Src/main.o
 .debug_macro   0x000000000001de62      0x11a ./Core/Src/main.o
 .debug_macro   0x000000000001df7c       0x7e ./Core/Src/main.o
 .debug_macro   0x000000000001dffa       0x89 ./Core/Src/main.o
 .debug_macro   0x000000000001e083      0x8e6 ./Core/Src/main.o
 .debug_macro   0x000000000001e969       0x47 ./Core/Src/main.o
 .debug_macro   0x000000000001e9b0      0x12d ./Core/Src/main.o
 .debug_macro   0x000000000001eadd      0x1a5 ./Core/Src/main.o
 .debug_macro   0x000000000001ec82      0x114 ./Core/Src/main.o
 .debug_macro   0x000000000001ed96       0x58 ./Core/Src/main.o
 .debug_macro   0x000000000001edee       0x46 ./Core/Src/main.o
 .debug_macro   0x000000000001ee34       0x64 ./Core/Src/main.o
 .debug_macro   0x000000000001ee98       0x16 ./Core/Src/main.o
 .debug_macro   0x000000000001eeae       0x49 ./Core/Src/main.o
 .debug_macro   0x000000000001eef7       0xca ./Core/Src/main.o
 .debug_macro   0x000000000001efc1      0x220 ./Core/Src/main.o
 .debug_macro   0x000000000001f1e1      0x451 ./Core/Src/main.o
 .debug_macro   0x000000000001f632      0x15a ./Core/Src/main.o
 .debug_macro   0x000000000001f78c       0xea ./Core/Src/main.o
 .debug_macro   0x000000000001f876       0x1c ./Core/Src/main.o
 .debug_macro   0x000000000001f892       0x26 ./Core/Src/main.o
 .debug_macro   0x000000000001f8b8      0x3d0 ./Core/Src/main.o
 .debug_macro   0x000000000001fc88       0xb5 ./Core/Src/main.o
 .debug_macro   0x000000000001fd3d      0x120 ./Core/Src/main.o
 .debug_macro   0x000000000001fe5d      0x284 ./Core/Src/stm32f4xx_hal_msp.o
 .debug_macro   0x00000000000200e1      0x1c4 ./Core/Src/stm32f4xx_hal_timebase_tim.o
 .debug_macro   0x00000000000202a5      0x1dd ./Core/Src/stm32f4xx_it.o
 .debug_macro   0x0000000000020482      0x1c4 ./Core/Src/system_stm32f4xx.o
 .debug_macro   0x0000000000020646      0x224 ./Drivers/STM32F4xx_HAL_Driver/Src/stm32f4xx_hal.o
 .debug_macro   0x000000000002086a      0x1c4 ./Drivers/STM32F4xx_HAL_Driver/Src/stm32f4xx_hal_cortex.o
 .debug_macro   0x0000000000020a2e      0x1ca ./Drivers/STM32F4xx_HAL_Driver/Src/stm32f4xx_hal_gpio.o
 .debug_macro   0x0000000000020bf8      0x1e8 ./Drivers/STM32F4xx_HAL_Driver/Src/stm32f4xx_hal_rcc.o
 .debug_macro   0x0000000000020de0      0x1c5 ./Drivers/STM32F4xx_HAL_Driver/Src/stm32f4xx_hal_tim.o
 .debug_macro   0x0000000000020fa5      0x1c4 ./Drivers/STM32F4xx_HAL_Driver/Src/stm32f4xx_hal_tim_ex.o
 .debug_macro   0x0000000000021169      0x1f4 ./common/ThirdParty/FreeRTOS/list.o
 .debug_macro   0x000000000002135d      0x27d ./common/ThirdParty/FreeRTOS/queue.o
 .debug_macro   0x00000000000215da       0x16 ./common/ThirdParty/FreeRTOS/queue.o
 .debug_macro   0x00000000000215f0       0x20 ./common/ThirdParty/FreeRTOS/queue.o
 .debug_macro   0x0000000000021610       0x80 ./common/ThirdParty/FreeRTOS/queue.o
 .debug_macro   0x0000000000021690      0x2e1 ./common/ThirdParty/FreeRTOS/tasks.o
 .debug_macro   0x0000000000021971       0x10 ./common/ThirdParty/FreeRTOS/tasks.o
 .debug_macro   0x0000000000021981      0x23d ./common/ThirdParty/FreeRTOS/timers.o
 .debug_macro   0x0000000000021bbe       0x97 ./common/ThirdParty/FreeRTOS/timers.o
 .debug_macro   0x0000000000021c55      0x1f7 ./common/ThirdParty/FreeRTOS/portable/GCC/ARM_CM4F/port.o
 .debug_macro   0x0000000000021e4c      0x20f ./common/ThirdParty/FreeRTOS/portable/MemMang/heap_4.o
 .debug_macro   0x000000000002205b      0x137 ./common/ThirdParty/SEGGER/Config/SEGGER_SYSVIEW_Config_FreeRTOS.o
 .debug_macro   0x0000000000022192      0x203 ./common/ThirdParty/SEGGER/OS/SEGGER_SYSVIEW_FreeRTOS.o
 .debug_macro   0x0000000000022395      0x1e9 ./common/ThirdParty/SEGGER/SEGGER/SEGGER_RTT.o
 .debug_macro   0x000000000002257e       0x35 ./common/ThirdParty/SEGGER/SEGGER/SEGGER_RTT.o
 .debug_macro   0x00000000000225b3      0x138 ./common/ThirdParty/SEGGER/SEGGER/SEGGER_RTT.o
 .debug_macro   0x00000000000226eb      0x251 ./common/ThirdParty/SEGGER/SEGGER/SEGGER_SYSVIEW.o
 .debug_macro   0x000000000002293c      0x220 ./common/ThirdParty/SEGGER/SEGGER/SEGGER_SYSVIEW.o
 .debug_macro   0x0000000000022b5c       0x3b ./common/ThirdParty/SEGGER/SEGGER/SEGGER_SYSVIEW.o
 .debug_macro   0x0000000000022b97      0x41d ./common/ThirdParty/SEGGER/rec/segger_uart.o
 .debug_macro   0x0000000000022fb4       0x56 ./common/ThirdParty/SEGGER/rec/segger_uart.o

.debug_line     0x0000000000000000    0x15c01
 .debug_line    0x0000000000000000      0xbad ./Core/Src/main.o
 .debug_line    0x0000000000000bad      0x95c ./Core/Src/stm32f4xx_hal_msp.o
 .debug_line    0x0000000000001509      0x727 ./Core/Src/stm32f4xx_hal_timebase_tim.o
 .debug_line    0x0000000000001c30      0x748 ./Core/Src/stm32f4xx_it.o
 .debug_line    0x0000000000002378      0x72d ./Core/Src/system_stm32f4xx.o
 .debug_line    0x0000000000002aa5       0x88 ./Core/Startup/startup_stm32f407vgtx.o
 .debug_line    0x0000000000002b2d      0x993 ./Drivers/STM32F4xx_HAL_Driver/Src/stm32f4xx_hal.o
 .debug_line    0x00000000000034c0      0xc42 ./Drivers/STM32F4xx_HAL_Driver/Src/stm32f4xx_hal_cortex.o
 .debug_line    0x0000000000004102      0xb07 ./Drivers/STM32F4xx_HAL_Driver/Src/stm32f4xx_hal_gpio.o
 .debug_line    0x0000000000004c09      0xd0f ./Drivers/STM32F4xx_HAL_Driver/Src/stm32f4xx_hal_rcc.o
 .debug_line    0x0000000000005918     0x3687 ./Drivers/STM32F4xx_HAL_Driver/Src/stm32f4xx_hal_tim.o
 .debug_line    0x0000000000008f9f     0x1990 ./Drivers/STM32F4xx_HAL_Driver/Src/stm32f4xx_hal_tim_ex.o
 .debug_line    0x000000000000a92f      0x8e9 ./common/ThirdParty/FreeRTOS/list.o
 .debug_line    0x000000000000b218     0x17c2 ./common/ThirdParty/FreeRTOS/queue.o
 .debug_line    0x000000000000c9da     0x1f0e ./common/ThirdParty/FreeRTOS/tasks.o
 .debug_line    0x000000000000e8e8      0xe48 ./common/ThirdParty/FreeRTOS/timers.o
 .debug_line    0x000000000000f730      0xa0a ./common/ThirdParty/FreeRTOS/portable/GCC/ARM_CM4F/port.o
 .debug_line    0x000000000001013a      0xb34 ./common/ThirdParty/FreeRTOS/portable/MemMang/heap_4.o
 .debug_line    0x0000000000010c6e      0x677 ./common/ThirdParty/SEGGER/Config/SEGGER_SYSVIEW_Config_FreeRTOS.o
 .debug_line    0x00000000000112e5      0x96d ./common/ThirdParty/SEGGER/OS/SEGGER_SYSVIEW_FreeRTOS.o
 .debug_line    0x0000000000011c52      0xf12 ./common/ThirdParty/SEGGER/SEGGER/SEGGER_RTT.o
 .debug_line    0x0000000000012b64       0xd1 ./common/ThirdParty/SEGGER/SEGGER/SEGGER_RTT_ASM_ARMv7M.o
 .debug_line    0x0000000000012c35     0x243f ./common/ThirdParty/SEGGER/SEGGER/SEGGER_SYSVIEW.o
 .debug_line    0x0000000000015074      0xb8d ./common/ThirdParty/SEGGER/rec/segger_uart.o

.debug_str      0x0000000000000000    0xd746f
 .debug_str     0x0000000000000000    0xcb1e7 ./Core/Src/main.o
                                      0xcb580 (size before relaxing)
 .debug_str     0x00000000000cb1e7       0x40 ./Core/Src/stm32f4xx_hal_msp.o
                                      0xc926f (size before relaxing)
 .debug_str     0x00000000000cb227      0x5fe ./Core/Src/stm32f4xx_hal_timebase_tim.o
                                      0xc259a (size before relaxing)
 .debug_str     0x00000000000cb825       0xb9 ./Core/Src/stm32f4xx_it.o
                                      0xc254a (size before relaxing)
 .debug_str     0x00000000000cb8de       0xdb ./Core/Src/system_stm32f4xx.o
                                      0xc1aa3 (size before relaxing)
 .debug_str     0x00000000000cb9b9       0x36 ./Core/Startup/startup_stm32f407vgtx.o
                                         0x75 (size before relaxing)
 .debug_str     0x00000000000cb9ef      0x5c9 ./Drivers/STM32F4xx_HAL_Driver/Src/stm32f4xx_hal.o
                                      0xc2627 (size before relaxing)
 .debug_str     0x00000000000cbfb8      0x33a ./Drivers/STM32F4xx_HAL_Driver/Src/stm32f4xx_hal_cortex.o
                                      0xc235a (size before relaxing)
 .debug_str     0x00000000000cc2f2      0x11e ./Drivers/STM32F4xx_HAL_Driver/Src/stm32f4xx_hal_gpio.o
                                      0xc1c1e (size before relaxing)
 .debug_str     0x00000000000cc410      0x1fd ./Drivers/STM32F4xx_HAL_Driver/Src/stm32f4xx_hal_rcc.o
                                      0xc1ed7 (size before relaxing)
 .debug_str     0x00000000000cc60d      0xe69 ./Drivers/STM32F4xx_HAL_Driver/Src/stm32f4xx_hal_tim.o
                                      0xc2e1d (size before relaxing)
 .debug_str     0x00000000000cd476      0x503 ./Drivers/STM32F4xx_HAL_Driver/Src/stm32f4xx_hal_tim_ex.o
                                      0xc2639 (size before relaxing)
 .debug_str     0x00000000000cd979     0x3039 ./common/ThirdParty/FreeRTOS/list.o
                                       0xe900 (size before relaxing)
 .debug_str     0x00000000000d09b2     0x12ae ./common/ThirdParty/FreeRTOS/queue.o
                                      0x10e0d (size before relaxing)
 .debug_str     0x00000000000d1c60     0x1d1c ./common/ThirdParty/FreeRTOS/tasks.o
                                      0x11c7a (size before relaxing)
 .debug_str     0x00000000000d397c      0x538 ./common/ThirdParty/FreeRTOS/timers.o
                                      0x1111f (size before relaxing)
 .debug_str     0x00000000000d3eb4      0x7fb ./common/ThirdParty/FreeRTOS/portable/GCC/ARM_CM4F/port.o
                                       0xd463 (size before relaxing)
 .debug_str     0x00000000000d46af      0x341 ./common/ThirdParty/FreeRTOS/portable/MemMang/heap_4.o
                                       0xfdc9 (size before relaxing)
 .debug_str     0x00000000000d49f0      0x1f9 ./common/ThirdParty/SEGGER/Config/SEGGER_SYSVIEW_Config_FreeRTOS.o
                                       0xb2f3 (size before relaxing)
 .debug_str     0x00000000000d4be9      0x132 ./common/ThirdParty/SEGGER/OS/SEGGER_SYSVIEW_FreeRTOS.o
                                       0xfb4c (size before relaxing)
 .debug_str     0x00000000000d4d1b     0x10a9 ./common/ThirdParty/SEGGER/SEGGER/SEGGER_RTT.o
                                       0x8340 (size before relaxing)
 .debug_str     0x00000000000d5dc4       0x65 ./common/ThirdParty/SEGGER/SEGGER/SEGGER_RTT_ASM_ARMv7M.o
                                         0xb2 (size before relaxing)
 .debug_str     0x00000000000d5e29      0xf5e ./common/ThirdParty/SEGGER/SEGGER/SEGGER_SYSVIEW.o
                                       0xa62d (size before relaxing)
 .debug_str     0x00000000000d6d87      0x6e8 ./common/ThirdParty/SEGGER/rec/segger_uart.o
                                      0xc78a8 (size before relaxing)

.comment        0x0000000000000000       0x50
 .comment       0x0000000000000000       0x50 ./Core/Src/main.o
                                         0x51 (size before relaxing)
 .comment       0x0000000000000050       0x51 ./Core/Src/stm32f4xx_hal_msp.o
 .comment       0x0000000000000050       0x51 ./Core/Src/stm32f4xx_hal_timebase_tim.o
 .comment       0x0000000000000050       0x51 ./Core/Src/stm32f4xx_it.o
 .comment       0x0000000000000050       0x51 ./Core/Src/system_stm32f4xx.o
 .comment       0x0000000000000050       0x51 ./Drivers/STM32F4xx_HAL_Driver/Src/stm32f4xx_hal.o
 .comment       0x0000000000000050       0x51 ./Drivers/STM32F4xx_HAL_Driver/Src/stm32f4xx_hal_cortex.o
 .comment       0x0000000000000050       0x51 ./Drivers/STM32F4xx_HAL_Driver/Src/stm32f4xx_hal_gpio.o
 .comment       0x0000000000000050       0x51 ./Drivers/STM32F4xx_HAL_Driver/Src/stm32f4xx_hal_rcc.o
 .comment       0x0000000000000050       0x51 ./Drivers/STM32F4xx_HAL_Driver/Src/stm32f4xx_hal_tim.o
 .comment       0x0000000000000050       0x51 ./Drivers/STM32F4xx_HAL_Driver/Src/stm32f4xx_hal_tim_ex.o
 .comment       0x0000000000000050       0x51 ./common/ThirdParty/FreeRTOS/list.o
 .comment       0x0000000000000050       0x51 ./common/ThirdParty/FreeRTOS/queue.o
 .comment       0x0000000000000050       0x51 ./common/ThirdParty/FreeRTOS/tasks.o
 .comment       0x0000000000000050       0x51 ./common/ThirdParty/FreeRTOS/timers.o
 .comment       0x0000000000000050       0x51 ./common/ThirdParty/FreeRTOS/portable/GCC/ARM_CM4F/port.o
 .comment       0x0000000000000050       0x51 ./common/ThirdParty/FreeRTOS/portable/MemMang/heap_4.o
 .comment       0x0000000000000050       0x51 ./common/ThirdParty/SEGGER/Config/SEGGER_SYSVIEW_Config_FreeRTOS.o
 .comment       0x0000000000000050       0x51 ./common/ThirdParty/SEGGER/OS/SEGGER_SYSVIEW_FreeRTOS.o
 .comment       0x0000000000000050       0x51 ./common/ThirdParty/SEGGER/SEGGER/SEGGER_RTT.o
 .comment       0x0000000000000050       0x51 ./common/ThirdParty/SEGGER/SEGGER/SEGGER_SYSVIEW.o
 .comment       0x0000000000000050       0x51 ./common/ThirdParty/SEGGER/rec/segger_uart.o

.debug_frame    0x0000000000000000     0x5254
 .debug_frame   0x0000000000000000      0x120 ./Core/Src/main.o