../Core/Src/main.c:83:5:main	56	static,ignoring_inline_asm
../Core/Src/main.c:157:6:SystemClock_Config	88	static
../Core/Src/main.c:205:13:MX_RTC_Init	8	static
../Core/Src/main.c:240:13:MX_USART2_UART_Init	8	static
../Core/Src/main.c:273:13:MX_GPIO_Init	56	static
../Core/Src/main.c:412:6:led_effect_callback	24	static
../Core/Src/main.c:436:6:HAL_UART_RxCpltCallback	32	static
../Core/Src/main.c:469:6:HAL_TIM_PeriodElapsedCallback	16	static
../Core/Src/main.c:486:6:Error_Handler	4	static,ignoring_inline_asm
